apps/admin-cms/src/App.backup.tsx(1,25): error TS2307: Cannot find module '@/components/ui/toaster' or its corresponding type declarations.
apps/admin-cms/src/App.backup.tsx(2,35): error TS2307: Cannot find module '@/components/ui/sonner' or its corresponding type declarations.
apps/admin-cms/src/App.backup.tsx(3,33): error TS2307: Cannot find module '@/components/ui/tooltip' or its corresponding type declarations.
apps/admin-cms/src/App.backup.tsx(6,19): error TS2307: Cannot find module './pages/Index' or its corresponding type declarations.
apps/admin-cms/src/App.backup.tsx(7,24): error TS2307: Cannot find module './pages/Categories' or its corresponding type declarations.
apps/admin-cms/src/App.backup.tsx(8,28): error TS2307: Cannot find module './pages/CategoryDetail' or its corresponding type declarations.
apps/admin-cms/src/App.backup.tsx(9,22): error TS2307: Cannot find module './pages/Products' or its corresponding type declarations.
apps/admin-cms/src/App.backup.tsx(10,27): error TS2307: Cannot find module './pages/ProductDetail' or its corresponding type declarations.
apps/admin-cms/src/App.backup.tsx(11,18): error TS2307: Cannot find module './pages/Cart' or its corresponding type declarations.
apps/admin-cms/src/App.backup.tsx(12,20): error TS2307: Cannot find module './pages/Orders' or its corresponding type declarations.
apps/admin-cms/src/App.backup.tsx(13,25): error TS2307: Cannot find module './pages/OrderDetail' or its corresponding type declarations.
apps/admin-cms/src/App.backup.tsx(14,21): error TS2307: Cannot find module './pages/Profile' or its corresponding type declarations.
apps/admin-cms/src/App.backup.tsx(19,30): error TS2307: Cannot find module './components/layout/MobileLayout' or its corresponding type declarations.
apps/admin-cms/src/App.tsx(1,25): error TS2307: Cannot find module '@/components/ui/toaster' or its corresponding type declarations.
apps/admin-cms/src/App.tsx(2,35): error TS2307: Cannot find module '@/components/ui/sonner' or its corresponding type declarations.
apps/admin-cms/src/App.tsx(3,33): error TS2307: Cannot find module '@/components/ui/tooltip' or its corresponding type declarations.
apps/admin-cms/src/api/auth.ts(7,8): error TS2307: Cannot find module '@vibe/shared' or its corresponding type declarations.
apps/admin-cms/src/api/auth.ts(8,25): error TS2307: Cannot find module '@/lib/api-helper' or its corresponding type declarations.
apps/admin-cms/src/api/auth.ts(16,8): error TS2307: Cannot find module '@/types/auth' or its corresponding type declarations.
apps/admin-cms/src/api/auth.ts(17,30): error TS2307: Cannot find module '@/types/common' or its corresponding type declarations.
apps/admin-cms/src/api/auth.ts(18,27): error TS2307: Cannot find module '@/lib/api-client' or its corresponding type declarations.
apps/admin-cms/src/api/category.ts(8,8): error TS2307: Cannot find module '@vibe/shared' or its corresponding type declarations.
apps/admin-cms/src/api/category.ts(9,25): error TS2307: Cannot find module '@/lib/api-helper' or its corresponding type declarations.
apps/admin-cms/src/api/category.ts(16,8): error TS2307: Cannot find module '@/types/category' or its corresponding type declarations.
apps/admin-cms/src/api/email-marketing.ts(47,8): error TS2307: Cannot find module '@vibe/shared' or its corresponding type declarations.
apps/admin-cms/src/api/order.ts(1,74): error TS2307: Cannot find module '@vibe/shared' or its corresponding type declarations.
apps/admin-cms/src/api/order.ts(2,25): error TS2307: Cannot find module '@/lib/api-helper' or its corresponding type declarations.
apps/admin-cms/src/api/order.ts(3,66): error TS2307: Cannot find module '@/types/order' or its corresponding type declarations.
apps/admin-cms/src/api/order.ts(4,32): error TS2307: Cannot find module '@vibe/shared' or its corresponding type declarations.
apps/admin-cms/src/api/popup.ts(7,8): error TS2307: Cannot find module '@vibe/shared' or its corresponding type declarations.
apps/admin-cms/src/api/popup.ts(8,25): error TS2307: Cannot find module '@/lib/api-helper' or its corresponding type declarations.
apps/admin-cms/src/api/popup.ts(9,55): error TS2307: Cannot find module '@/types/popup' or its corresponding type declarations.
apps/admin-cms/src/api/popup.ts(10,30): error TS2307: Cannot find module '@/types/common' or its corresponding type declarations.
apps/admin-cms/src/api/post.ts(1,83): error TS2307: Cannot find module '@vibe/shared' or its corresponding type declarations.
apps/admin-cms/src/api/post.ts(2,25): error TS2307: Cannot find module '@/lib/api-helper' or its corresponding type declarations.
apps/admin-cms/src/api/post.ts(3,70): error TS2307: Cannot find module '@/types/post' or its corresponding type declarations.
apps/admin-cms/src/api/post.ts(4,30): error TS2307: Cannot find module '@/types/common' or its corresponding type declarations.
apps/admin-cms/src/api/post.ts(5,27): error TS2307: Cannot find module '@/lib/api-client' or its corresponding type declarations.
apps/admin-cms/src/api/product.ts(18,8): error TS2307: Cannot find module '@vibe/shared' or its corresponding type declarations.
apps/admin-cms/src/api/product.ts(19,60): error TS2307: Cannot find module '@vibe/shared' or its corresponding type declarations.
apps/admin-cms/src/api/product.ts(20,30): error TS2307: Cannot find module '@/types/common' or its corresponding type declarations.
apps/admin-cms/src/api/product.ts(27,8): error TS2307: Cannot find module '@/types/product' or its corresponding type declarations.
apps/admin-cms/src/api/profile.ts(1,71): error TS2307: Cannot find module '@vibe/shared' or its corresponding type declarations.
apps/admin-cms/src/api/profile.ts(2,25): error TS2307: Cannot find module '@/lib/api-helper' or its corresponding type declarations.
apps/admin-cms/src/api/profile.ts(3,37): error TS2307: Cannot find module '@/types/user' or its corresponding type declarations.
apps/admin-cms/src/api/profile.ts(4,35): error TS2307: Cannot find module '@/types/auth' or its corresponding type declarations.
apps/admin-cms/src/api/profile.ts(5,30): error TS2307: Cannot find module '@/types/common' or its corresponding type declarations.
apps/admin-cms/src/api/review.ts(1,62): error TS2307: Cannot find module '@vibe/shared' or its corresponding type declarations.
apps/admin-cms/src/api/review.ts(2,25): error TS2307: Cannot find module '@/lib/api-helper' or its corresponding type declarations.
apps/admin-cms/src/api/review.ts(3,41): error TS2307: Cannot find module '@/types/review' or its corresponding type declarations.
apps/admin-cms/src/api/review.ts(4,30): error TS2307: Cannot find module '@/types/common' or its corresponding type declarations.
apps/admin-cms/src/api/role.ts(18,8): error TS2307: Cannot find module '@vibe/shared' or its corresponding type declarations.
apps/admin-cms/src/api/role.ts(19,25): error TS2307: Cannot find module '@/lib/api-helper' or its corresponding type declarations.
apps/admin-cms/src/api/role.ts(27,8): error TS2307: Cannot find module '@/types/role' or its corresponding type declarations.
apps/admin-cms/src/api/role.ts(28,30): error TS2307: Cannot find module '@/types/common' or its corresponding type declarations.
apps/admin-cms/src/api/tag.ts(1,78): error TS2307: Cannot find module '@vibe/shared' or its corresponding type declarations.
apps/admin-cms/src/api/tag.ts(2,25): error TS2307: Cannot find module '@/lib/api-helper' or its corresponding type declarations.
apps/admin-cms/src/api/tag.ts(3,66): error TS2307: Cannot find module '@/types/tag' or its corresponding type declarations.
apps/admin-cms/src/api/tag.ts(4,30): error TS2307: Cannot find module '@/types/common' or its corresponding type declarations.
apps/admin-cms/src/api/topic.ts(8,8): error TS2307: Cannot find module '@vibe/shared' or its corresponding type declarations.
apps/admin-cms/src/api/topic.ts(9,25): error TS2307: Cannot find module '@/lib/api-helper' or its corresponding type declarations.
apps/admin-cms/src/api/topic.ts(10,74): error TS2307: Cannot find module '@/types/topic' or its corresponding type declarations.
apps/admin-cms/src/api/topic.ts(11,30): error TS2307: Cannot find module '@/types/common' or its corresponding type declarations.
apps/admin-cms/src/api/upload.ts(1,34): error TS2307: Cannot find module '@vibe/shared' or its corresponding type declarations.
apps/admin-cms/src/api/upload.ts(2,25): error TS2307: Cannot find module '@/lib/api-helper' or its corresponding type declarations.
apps/admin-cms/src/api/user.ts(11,8): error TS2307: Cannot find module '@vibe/shared' or its corresponding type declarations.
apps/admin-cms/src/api/user.ts(12,25): error TS2307: Cannot find module '@/lib/api-helper' or its corresponding type declarations.
apps/admin-cms/src/api/user.ts(19,8): error TS2307: Cannot find module '@/types/user' or its corresponding type declarations.
apps/admin-cms/src/components/admin/AdminLayout.tsx(24,24): error TS2307: Cannot find module '@/components/ui/button' or its corresponding type declarations.
apps/admin-cms/src/components/admin/AdminLayout.tsx(25,33): error TS2307: Cannot find module '@/lib/utils' or its corresponding type declarations.
apps/admin-cms/src/components/admin/AdminLayout.tsx(27,51): error TS2307: Cannot find module '@/components/ui/sheet' or its corresponding type declarations.
apps/admin-cms/src/components/admin/AdminLayout.tsx(28,69): error TS2307: Cannot find module '@/components/ui/collapsible' or its corresponding type declarations.
apps/admin-cms/src/components/admin/AdminLayout.tsx(29,30): error TS2307: Cannot find module '@/store' or its corresponding type declarations.
apps/admin-cms/src/components/admin/AdminLayout.tsx(30,25): error TS2307: Cannot find module '@/hooks/useAuth' or its corresponding type declarations.
apps/admin-cms/src/components/admin/AdminLayout.tsx(31,31): error TS2307: Cannot find module '@/hooks/usePermission' or its corresponding type declarations.
apps/admin-cms/src/components/admin/AdminLayout.tsx(32,33): error TS2307: Cannot find module '@/hooks/useShopSettings' or its corresponding type declarations.
apps/admin-cms/src/components/admin/AdminLayout.tsx(33,53): error TS2307: Cannot find module '@/components/ui/avatar' or its corresponding type declarations.
apps/admin-cms/src/components/admin/AdminLayout.tsx(41,8): error TS2307: Cannot find module '@/components/ui/dropdown-menu' or its corresponding type declarations.
apps/admin-cms/src/components/admin/AdminLayout.tsx(42,28): error TS2307: Cannot find module '@/components/ui/mode-toggle' or its corresponding type declarations.
apps/admin-cms/src/components/admin/AdminLayout.tsx(44,32): error TS2307: Cannot find module '@/constants/permissions' or its corresponding type declarations.
apps/admin-cms/src/components/admin/AdminLayout.tsx(354,39): error TS2307: Cannot find module '@/utils/logger' or its corresponding type declarations.
apps/admin-cms/src/components/admin/SliderSettingsInput.tsx(3,24): error TS2307: Cannot find module '@/components/ui/button' or its corresponding type declarations.
apps/admin-cms/src/components/admin/SliderSettingsInput.tsx(4,23): error TS2307: Cannot find module '@/components/ui/input' or its corresponding type declarations.
apps/admin-cms/src/components/admin/SliderSettingsInput.tsx(5,23): error TS2307: Cannot find module '@/components/ui/label' or its corresponding type declarations.
apps/admin-cms/src/components/admin/SliderSettingsInput.tsx(6,29): error TS2307: Cannot find module '@/components/common/ImageUpload' or its corresponding type declarations.
apps/admin-cms/src/components/admin/SliderSettingsInput.tsx(7,33): error TS2307: Cannot find module '@/lib/utils' or its corresponding type declarations.
apps/admin-cms/src/components/admin/blog/BlogFilters.tsx(3,57): error TS2307: Cannot find module '@/components/ui/popover' or its corresponding type declarations.
apps/admin-cms/src/components/admin/blog/BlogFilters.tsx(4,26): error TS2307: Cannot find module '@/components/ui/calendar' or its corresponding type declarations.
apps/admin-cms/src/components/admin/blog/BlogFilters.tsx(5,24): error TS2307: Cannot find module '@/components/ui/button' or its corresponding type declarations.
apps/admin-cms/src/components/admin/blog/BlogFilters.tsx(6,23): error TS2307: Cannot find module '@/components/ui/input' or its corresponding type declarations.
apps/admin-cms/src/components/admin/blog/BlogFilters.tsx(7,23): error TS2307: Cannot find module '@/components/ui/label' or its corresponding type declarations.
apps/admin-cms/src/components/admin/blog/BlogFilters.tsx(8,23): error TS2307: Cannot find module '@/components/ui/badge' or its corresponding type declarations.
apps/admin-cms/src/components/admin/blog/BlogFilters.tsx(9,79): error TS2307: Cannot find module '@/components/ui/select' or its corresponding type declarations.
apps/admin-cms/src/components/admin/blog/BlogFilters.tsx(10,93): error TS2307: Cannot find module '@/components/ui/command' or its corresponding type declarations.
apps/admin-cms/src/components/admin/blog/BlogFilters.tsx(11,34): error TS2307: Cannot find module '@vibe/shared' or its corresponding type declarations.
apps/admin-cms/src/components/admin/blog/BlogFilters.tsx(12,27): error TS2307: Cannot find module '@/hooks/useTopics' or its corresponding type declarations.
apps/admin-cms/src/components/admin/blog/BlogFilters.tsx(13,25): error TS2307: Cannot find module '@/hooks/useTags' or its corresponding type declarations.
apps/admin-cms/src/components/admin/blog/BlogFilters.tsx(14,26): error TS2307: Cannot find module '@/hooks/useUsers' or its corresponding type declarations.
apps/admin-cms/src/components/admin/blog/BlogFilters.tsx(15,32): error TS2307: Cannot find module '@/lib/utils' or its corresponding type declarations.
apps/admin-cms/src/components/admin/blog/BlogSeoTab.tsx(1,23): error TS2307: Cannot find module '@/components/ui/input' or its corresponding type declarations.
apps/admin-cms/src/components/admin/blog/BlogSeoTab.tsx(2,23): error TS2307: Cannot find module '@/components/ui/label' or its corresponding type declarations.
apps/admin-cms/src/components/admin/blog/BlogSeoTab.tsx(3,26): error TS2307: Cannot find module '@/components/ui/textarea' or its corresponding type declarations.
apps/admin-cms/src/components/admin/orders/OrderFilters.tsx(3,57): error TS2307: Cannot find module '@/components/ui/popover' or its corresponding type declarations.
apps/admin-cms/src/components/admin/orders/OrderFilters.tsx(4,26): error TS2307: Cannot find module '@/components/ui/calendar' or its corresponding type declarations.
apps/admin-cms/src/components/admin/orders/OrderFilters.tsx(5,24): error TS2307: Cannot find module '@/components/ui/button' or its corresponding type declarations.
apps/admin-cms/src/components/admin/orders/OrderFilters.tsx(6,23): error TS2307: Cannot find module '@/components/ui/input' or its corresponding type declarations.
apps/admin-cms/src/components/admin/orders/OrderFilters.tsx(7,23): error TS2307: Cannot find module '@/components/ui/label' or its corresponding type declarations.
apps/admin-cms/src/components/admin/orders/OrderFilters.tsx(8,23): error TS2307: Cannot find module '@/components/ui/badge' or its corresponding type declarations.
apps/admin-cms/src/components/admin/orders/OrderFilters.tsx(9,79): error TS2307: Cannot find module '@/components/ui/select' or its corresponding type declarations.
apps/admin-cms/src/components/admin/orders/OrderFilters.tsx(10,35): error TS2307: Cannot find module '@vibe/shared' or its corresponding type declarations.
apps/admin-cms/src/components/admin/products/ProductFilters.tsx(3,57): error TS2307: Cannot find module '@/components/ui/popover' or its corresponding type declarations.
apps/admin-cms/src/components/admin/products/ProductFilters.tsx(4,24): error TS2307: Cannot find module '@/components/ui/button' or its corresponding type declarations.
apps/admin-cms/src/components/admin/products/ProductFilters.tsx(5,23): error TS2307: Cannot find module '@/components/ui/input' or its corresponding type declarations.
apps/admin-cms/src/components/admin/products/ProductFilters.tsx(6,23): error TS2307: Cannot find module '@/components/ui/label' or its corresponding type declarations.
apps/admin-cms/src/components/admin/products/ProductFilters.tsx(7,23): error TS2307: Cannot find module '@/components/ui/badge' or its corresponding type declarations.
apps/admin-cms/src/components/admin/products/ProductFilters.tsx(8,79): error TS2307: Cannot find module '@/components/ui/select' or its corresponding type declarations.
apps/admin-cms/src/components/admin/products/ProductFilters.tsx(9,93): error TS2307: Cannot find module '@/components/ui/command' or its corresponding type declarations.
apps/admin-cms/src/components/admin/products/ProductFilters.tsx(10,37): error TS2307: Cannot find module '@vibe/shared' or its corresponding type declarations.
apps/admin-cms/src/components/admin/products/ProductFilters.tsx(11,31): error TS2307: Cannot find module '@/hooks/useCategories' or its corresponding type declarations.
apps/admin-cms/src/components/admin/products/ProductFilters.tsx(12,33): error TS2307: Cannot find module '@/lib/utils' or its corresponding type declarations.
apps/admin-cms/src/components/admin/products/ProductGeneralTab.tsx(1,23): error TS2307: Cannot find module '@/components/ui/input' or its corresponding type declarations.
apps/admin-cms/src/components/admin/products/ProductGeneralTab.tsx(2,23): error TS2307: Cannot find module '@/components/ui/label' or its corresponding type declarations.
apps/admin-cms/src/components/admin/products/ProductGeneralTab.tsx(3,28): error TS2307: Cannot find module '@/components/ui/rich-text-editor' or its corresponding type declarations.
apps/admin-cms/src/components/admin/products/ProductGeneralTab.tsx(4,26): error TS2307: Cannot find module '@/components/ui/textarea' or its corresponding type declarations.
apps/admin-cms/src/components/admin/products/ProductGeneralTab.tsx(5,24): error TS2307: Cannot find module '@/components/ui/switch' or its corresponding type declarations.
apps/admin-cms/src/components/admin/products/ProductGeneralTab.tsx(7,29): error TS2307: Cannot find module '@/components/ui/multi-select' or its corresponding type declarations.
apps/admin-cms/src/components/admin/products/ProductGeneralTab.tsx(8,26): error TS2307: Cannot find module '@/types/category' or its corresponding type declarations.
apps/admin-cms/src/components/admin/products/ProductGeneralTab.tsx(10,24): error TS2307: Cannot find module '@/components/ui/button' or its corresponding type declarations.
apps/admin-cms/src/components/admin/products/ProductGeneralTab.tsx(12,30): error TS2307: Cannot find module '@/lib/utils' or its corresponding type declarations.
apps/admin-cms/src/components/admin/products/ProductReviewsTab.tsx(2,62): error TS2307: Cannot find module '@/hooks/useReviews' or its corresponding type declarations.
apps/admin-cms/src/components/admin/products/ProductReviewsTab.tsx(3,24): error TS2307: Cannot find module '@/components/ui/button' or its corresponding type declarations.
apps/admin-cms/src/components/admin/products/ProductReviewsTab.tsx(4,23): error TS2307: Cannot find module '@/components/ui/input' or its corresponding type declarations.
apps/admin-cms/src/components/admin/products/ProductReviewsTab.tsx(5,26): error TS2307: Cannot find module '@/components/ui/textarea' or its corresponding type declarations.
apps/admin-cms/src/components/admin/products/ProductReviewsTab.tsx(6,23): error TS2307: Cannot find module '@/components/ui/label' or its corresponding type declarations.
apps/admin-cms/src/components/admin/products/ProductReviewsTab.tsx(7,35): error TS2307: Cannot find module '@/components/ui/card' or its corresponding type declarations.
apps/admin-cms/src/components/admin/products/ProductReviewsTab.tsx(8,53): error TS2307: Cannot find module '@/components/ui/avatar' or its corresponding type declarations.
apps/admin-cms/src/components/admin/products/ProductReviewsTab.tsx(15,29): error TS2307: Cannot find module '@/components/common/ImageUpload' or its corresponding type declarations.
apps/admin-cms/src/components/admin/products/ProductReviewsTab.tsx(16,27): error TS2307: Cannot find module '@/lib/api-client' or its corresponding type declarations.
apps/admin-cms/src/components/admin/products/ProductReviewsTab.tsx(17,29): error TS2307: Cannot find module '@/lib/utils' or its corresponding type declarations.
apps/admin-cms/src/components/admin/products/ProductSeoTab.tsx(1,23): error TS2307: Cannot find module '@/components/ui/input' or its corresponding type declarations.
apps/admin-cms/src/components/admin/products/ProductSeoTab.tsx(2,23): error TS2307: Cannot find module '@/components/ui/label' or its corresponding type declarations.
apps/admin-cms/src/components/admin/products/ProductSeoTab.tsx(3,26): error TS2307: Cannot find module '@/components/ui/textarea' or its corresponding type declarations.
apps/admin-cms/src/components/admin/products/ProductSeoTab.tsx(4,29): error TS2307: Cannot find module '@/components/common/ImageUpload' or its corresponding type declarations.
apps/admin-cms/src/components/admin/products/ProductSpecificationsTab.tsx(3,24): error TS2307: Cannot find module '@/components/ui/button' or its corresponding type declarations.
apps/admin-cms/src/components/admin/products/ProductSpecificationsTab.tsx(4,23): error TS2307: Cannot find module '@/components/ui/input' or its corresponding type declarations.
apps/admin-cms/src/components/admin/products/ProductSpecificationsTab.tsx(5,23): error TS2307: Cannot find module '@/components/ui/label' or its corresponding type declarations.
apps/admin-cms/src/components/admin/products/ProductSpecificationsTab.tsx(13,8): error TS2307: Cannot find module '@/components/ui/table' or its corresponding type declarations.
apps/admin-cms/src/components/admin/products/ProductSpecificationsTab.tsx(14,57): error TS2307: Cannot find module '@/components/ui/popover' or its corresponding type declarations.
apps/admin-cms/src/components/admin/products/ProductSpecificationsTab.tsx(22,8): error TS2307: Cannot find module '@/components/ui/command' or its corresponding type declarations.
apps/admin-cms/src/components/admin/products/ProductSpecificationsTab.tsx(24,20): error TS2307: Cannot find module '@/lib/utils' or its corresponding type declarations.
apps/admin-cms/src/components/admin/products/ProductVariantsTab.tsx(2,24): error TS2307: Cannot find module '@/components/ui/button' or its corresponding type declarations.
apps/admin-cms/src/components/admin/products/ProductVariantsTab.tsx(3,23): error TS2307: Cannot find module '@/components/ui/label' or its corresponding type declarations.
apps/admin-cms/src/components/admin/products/ProductVariantsTab.tsx(4,23): error TS2307: Cannot find module '@/components/ui/input' or its corresponding type declarations.
apps/admin-cms/src/components/admin/products/ProductVariantsTab.tsx(5,24): error TS2307: Cannot find module '@/components/ui/switch' or its corresponding type declarations.
apps/admin-cms/src/components/admin/products/ProductVariantsTab.tsx(13,8): error TS2307: Cannot find module '@/components/ui/table' or its corresponding type declarations.
apps/admin-cms/src/components/admin/products/ProductVariantsTab.tsx(16,38): error TS2307: Cannot find module '@/hooks/useProducts' or its corresponding type declarations.
apps/admin-cms/src/components/admin/products/ProductVariantsTab.tsx(17,31): error TS2307: Cannot find module '@/types/product' or its corresponding type declarations.
apps/admin-cms/src/components/admin/products/ProductVariantsTab.tsx(19,23): error TS2307: Cannot find module '@/components/ui/badge' or its corresponding type declarations.
apps/admin-cms/src/components/admin/products/ProductVideoTab.tsx(2,24): error TS2307: Cannot find module '@/components/ui/button' or its corresponding type declarations.
apps/admin-cms/src/components/admin/products/ProductVideoTab.tsx(3,26): error TS2307: Cannot find module '@/components/ui/progress' or its corresponding type declarations.
apps/admin-cms/src/components/admin/products/ProductVideoTab.tsx(5,28): error TS2307: Cannot find module '@/api/product' or its corresponding type declarations.
apps/admin-cms/src/components/admin/products/ProductVideoTab.tsx(7,33): error TS2307: Cannot find module '@/lib/utils' or its corresponding type declarations.
apps/admin-cms/src/components/admin/products/ProductVideoTab.tsx(18,8): error TS2307: Cannot find module '@/components/ui/alert-dialog' or its corresponding type declarations.
apps/admin-cms/src/components/admin/products/ProductVideoTab.tsx(19,24): error TS2307: Cannot find module '@/components/ui/switch' or its corresponding type declarations.
apps/admin-cms/src/components/admin/products/ProductVideoTab.tsx(20,23): error TS2307: Cannot find module '@/components/ui/label' or its corresponding type declarations.
apps/admin-cms/src/components/auth/GuestRoute.tsx(2,30): error TS2307: Cannot find module '@/store/useUserStore' or its corresponding type declarations.
apps/admin-cms/src/components/auth/PermissionGuard.tsx(2,31): error TS2307: Cannot find module '@/hooks/usePermission' or its corresponding type declarations.
apps/admin-cms/src/components/auth/ProtectedRoute.tsx(2,30): error TS2307: Cannot find module '@/store/useUserStore' or its corresponding type declarations.
apps/admin-cms/src/components/blog/BlogPostContent.tsx(4,23): error TS2307: Cannot find module '@/components/ui/badge' or its corresponding type declarations.
apps/admin-cms/src/components/blog/BlogPostContent.tsx(5,24): error TS2307: Cannot find module '@/components/ui/button' or its corresponding type declarations.
apps/admin-cms/src/components/blog/BlogPostContent.tsx(6,27): error TS2307: Cannot find module '@/components/ui/separator' or its corresponding type declarations.
apps/admin-cms/src/components/blog/BlogPostContent.tsx(7,26): error TS2307: Cannot find module '@/data/mockBlogPosts' or its corresponding type declarations.
apps/admin-cms/src/components/blog/BlogPostContent.tsx(8,45): error TS2307: Cannot find module '@/lib/utils' or its corresponding type declarations.
apps/admin-cms/src/components/cart/CartBottomBar.tsx(1,29): error TS2307: Cannot find module '@/lib/utils' or its corresponding type declarations.
apps/admin-cms/src/components/cart/CartItem.tsx(2,42): error TS2307: Cannot find module '@/lib/utils' or its corresponding type declarations.
apps/admin-cms/src/components/cart/CartItem.tsx(3,20): error TS2307: Cannot find module '@/lib/utils' or its corresponding type declarations.
apps/admin-cms/src/components/cart/CartItem.tsx(4,42): error TS2307: Cannot find module '@/store/cartStore' or its corresponding type declarations.
apps/admin-cms/src/components/cart/CartShopGroup.tsx(2,42): error TS2307: Cannot find module '@/store/cartStore' or its corresponding type declarations.
apps/admin-cms/src/components/cart/CheckoutForm.tsx(3,30): error TS2307: Cannot find module '@/store/cartStore' or its corresponding type declarations.
apps/admin-cms/src/components/cart/CheckoutForm.tsx(4,32): error TS2307: Cannot find module '@/hooks/useOrders' or its corresponding type declarations.
apps/admin-cms/src/components/cart/CheckoutForm.tsx(5,42): error TS2307: Cannot find module '@/lib/utils' or its corresponding type declarations.
apps/admin-cms/src/components/cart/CheckoutForm.tsx(11,20): error TS2307: Cannot find module '@/lib/utils' or its corresponding type declarations.
apps/admin-cms/src/components/categories/CategoryCard.tsx(2,26): error TS2307: Cannot find module '@/types/category' or its corresponding type declarations.
apps/admin-cms/src/components/categories/CategoryCard.tsx(3,29): error TS2307: Cannot find module '@/lib/utils' or its corresponding type declarations.
apps/admin-cms/src/components/categories/CategoryListItem.tsx(3,26): error TS2307: Cannot find module '@/types/category' or its corresponding type declarations.
apps/admin-cms/src/components/categories/CategoryListItem.tsx(4,29): error TS2307: Cannot find module '@/lib/utils' or its corresponding type declarations.
apps/admin-cms/src/components/common/ConfirmDialog.tsx(11,8): error TS2307: Cannot find module '@/components/ui/alert-dialog' or its corresponding type declarations.
apps/admin-cms/src/components/common/ConfirmDialog.tsx(12,24): error TS2307: Cannot find module '@/components/ui/button' or its corresponding type declarations.
apps/admin-cms/src/components/common/GlobalPopup.tsx(2,32): error TS2307: Cannot find module '@/hooks/usePopups' or its corresponding type declarations.
apps/admin-cms/src/components/common/GlobalPopup.tsx(9,8): error TS2307: Cannot find module '@/components/ui/dialog' or its corresponding type declarations.
apps/admin-cms/src/components/common/GlobalPopup.tsx(11,24): error TS2307: Cannot find module '@/components/ui/button' or its corresponding type declarations.
apps/admin-cms/src/components/common/GlobalPopup.tsx(12,29): error TS2307: Cannot find module '@/lib/utils' or its corresponding type declarations.
apps/admin-cms/src/components/common/GlobalPopup.tsx(13,31): error TS2307: Cannot find module '@/types/popup' or its corresponding type declarations.
apps/admin-cms/src/components/common/HtmlContent.tsx(2,20): error TS2307: Cannot find module '@/lib/utils' or its corresponding type declarations.
apps/admin-cms/src/components/common/ImageUpload.tsx(5,33): error TS2307: Cannot find module '@/lib/utils' or its corresponding type declarations.
apps/admin-cms/src/components/common/ImageUpload.tsx(6,24): error TS2307: Cannot find module '@/components/ui/button' or its corresponding type declarations.
apps/admin-cms/src/components/common/ImageUpload.tsx(14,8): error TS2307: Cannot find module '@/components/ui/dialog' or its corresponding type declarations.
apps/admin-cms/src/components/common/ImageUpload.tsx(15,28): error TS2307: Cannot find module '@/components/ui/scroll-area' or its corresponding type declarations.
apps/admin-cms/src/components/common/ImageUpload.tsx(16,24): error TS2307: Cannot find module '@/components/ui/slider' or its corresponding type declarations.
apps/admin-cms/src/components/common/ImageUpload.tsx(34,27): error TS2307: Cannot find module '@/lib/canvasUtils' or its corresponding type declarations.
apps/admin-cms/src/components/common/KeyValInput.tsx(2,24): error TS2307: Cannot find module '@/components/ui/button' or its corresponding type declarations.
apps/admin-cms/src/components/common/KeyValInput.tsx(3,23): error TS2307: Cannot find module '@/components/ui/input' or its corresponding type declarations.
apps/admin-cms/src/components/orders/OrderFormDialog.tsx(2,66): error TS2307: Cannot find module '@/components/ui/dialog' or its corresponding type declarations.
apps/admin-cms/src/components/orders/OrderFormDialog.tsx(3,24): error TS2307: Cannot find module '@/components/ui/button' or its corresponding type declarations.
apps/admin-cms/src/components/orders/OrderFormDialog.tsx(4,23): error TS2307: Cannot find module '@/components/ui/input' or its corresponding type declarations.
apps/admin-cms/src/components/orders/OrderFormDialog.tsx(5,23): error TS2307: Cannot find module '@/components/ui/label' or its corresponding type declarations.
apps/admin-cms/src/components/orders/OrderFormDialog.tsx(6,26): error TS2307: Cannot find module '@/components/ui/textarea' or its corresponding type declarations.
apps/admin-cms/src/components/orders/OrderFormDialog.tsx(7,26): error TS2307: Cannot find module '@/hooks/use-toast' or its corresponding type declarations.
apps/admin-cms/src/components/products/ProductCard.tsx(3,25): error TS2307: Cannot find module '@/types/product' or its corresponding type declarations.
apps/admin-cms/src/components/products/ProductCard.tsx(4,42): error TS2307: Cannot find module '@/lib/utils' or its corresponding type declarations.
apps/admin-cms/src/components/products/ProductCard.tsx(5,20): error TS2307: Cannot find module '@/lib/utils' or its corresponding type declarations.
apps/admin-cms/src/components/products/ProductCard.tsx(6,30): error TS2307: Cannot find module '@/store/cartStore' or its corresponding type declarations.
apps/admin-cms/src/components/products/ProductDetail/ProductDescription.tsx(1,29): error TS2307: Cannot find module '@/components/common/HtmlContent' or its corresponding type declarations.
apps/admin-cms/src/components/products/ProductDetail/ProductDescription.tsx(2,25): error TS2307: Cannot find module '@/types/product' or its corresponding type declarations.
apps/admin-cms/src/components/products/ProductDetail/ProductHeader.tsx(3,30): error TS2307: Cannot find module '@/store/cartStore' or its corresponding type declarations.
apps/admin-cms/src/components/products/ProductDetail/ProductImageCarousel.tsx(2,20): error TS2307: Cannot find module '@/lib/utils' or its corresponding type declarations.
apps/admin-cms/src/components/products/ProductDetail/ProductInfoSection.tsx(2,25): error TS2307: Cannot find module '@/types/product' or its corresponding type declarations.
apps/admin-cms/src/components/products/ProductDetail/ProductInfoSection.tsx(3,20): error TS2307: Cannot find module '@/lib/utils' or its corresponding type declarations.
apps/admin-cms/src/components/products/ProductDetail/ProductOverview.tsx(1,29): error TS2307: Cannot find module '@/components/common/HtmlContent' or its corresponding type declarations.
apps/admin-cms/src/components/products/ProductDetail/ProductOverview.tsx(2,25): error TS2307: Cannot find module '@/types/product' or its corresponding type declarations.
apps/admin-cms/src/components/products/ProductDetail/ProductOverview.tsx(3,55): error TS2307: Cannot find module '@/components/ui/table' or its corresponding type declarations.
apps/admin-cms/src/components/products/ProductDetail/ProductPriceSection.tsx(2,25): error TS2307: Cannot find module '@/types/product' or its corresponding type declarations.
apps/admin-cms/src/components/products/ProductDetail/ProductPriceSection.tsx(3,29): error TS2307: Cannot find module '@/lib/utils' or its corresponding type declarations.
apps/admin-cms/src/components/products/ProductDetail/ProductReviews.tsx(3,25): error TS2307: Cannot find module '@/types/product' or its corresponding type declarations.
apps/admin-cms/src/components/products/ProductDetail/ProductReviews.tsx(4,28): error TS2307: Cannot find module '@/hooks/useReviews' or its corresponding type declarations.
apps/admin-cms/src/components/products/ProductDetail/ProductReviews.tsx(5,53): error TS2307: Cannot find module '@/components/ui/avatar' or its corresponding type declarations.
apps/admin-cms/src/components/products/ProductDetail/ProductReviews.tsx(6,24): error TS2307: Cannot find module '@/components/ui/button' or its corresponding type declarations.
apps/admin-cms/src/components/products/ProductDetail/ProductReviews.tsx(7,29): error TS2307: Cannot find module '@/lib/utils' or its corresponding type declarations.
apps/admin-cms/src/components/products/ProductDetail/ProductSpecifications.tsx(1,47): error TS2307: Cannot find module '@/types/product' or its corresponding type declarations.
apps/admin-cms/src/components/products/ProductDetail/ProductSpecifications.tsx(2,55): error TS2307: Cannot find module '@/components/ui/table' or its corresponding type declarations.
apps/admin-cms/src/components/products/ProductDetail/ProductTabs.tsx(1,20): error TS2307: Cannot find module '@/lib/utils' or its corresponding type declarations.
apps/admin-cms/src/components/products/ProductListItem.tsx(4,25): error TS2307: Cannot find module '@/types/product' or its corresponding type declarations.
apps/admin-cms/src/components/products/ProductListItem.tsx(5,42): error TS2307: Cannot find module '@/lib/utils' or its corresponding type declarations.
apps/admin-cms/src/components/products/ProductListItem.tsx(6,20): error TS2307: Cannot find module '@/lib/utils' or its corresponding type declarations.
apps/admin-cms/src/components/products/ProductListItem.tsx(7,30): error TS2307: Cannot find module '@/store/cartStore' or its corresponding type declarations.
apps/admin-cms/src/components/products/ProductListItem.tsx(8,26): error TS2307: Cannot find module '@/components/cart/CheckoutForm' or its corresponding type declarations.
apps/admin-cms/src/components/products/ProductRow.tsx(9,8): error TS2307: Cannot find module '@/components/ui/carousel' or its corresponding type declarations.
apps/admin-cms/src/components/products/ProductRow.tsx(10,25): error TS2307: Cannot find module '@/types/product' or its corresponding type declarations.
apps/admin-cms/src/components/providers/AuthProvider.tsx(1,28): error TS2307: Cannot find module '@/hooks/useProfile' or its corresponding type declarations.
apps/admin-cms/src/components/providers/AuthProvider.tsx(2,33): error TS2307: Cannot find module '@/hooks/useShopSettings' or its corresponding type declarations.
apps/admin-cms/src/components/shop/BannerCarousel.tsx(3,33): error TS2307: Cannot find module '@/lib/utils' or its corresponding type declarations.
apps/admin-cms/src/components/shop/BannerCarousel.tsx(4,33): error TS2307: Cannot find module '@/hooks/useShopSettings' or its corresponding type declarations.
apps/admin-cms/src/components/shop/ShopHeader.tsx(14,30): error TS2307: Cannot find module '@/store/cartStore' or its corresponding type declarations.
apps/admin-cms/src/components/shop/ShopHeader.tsx(15,33): error TS2307: Cannot find module '@/hooks/useShopSettings' or its corresponding type declarations.
apps/admin-cms/src/components/shop/ShopHeader.tsx(16,29): error TS2307: Cannot find module '@/lib/utils' or its corresponding type declarations.
apps/admin-cms/src/components/shop/tabs/CategoriesTabContent.tsx(2,30): error TS2307: Cannot find module '@/components/categories/CategoryListItem' or its corresponding type declarations.
apps/admin-cms/src/components/shop/tabs/HomeTabContent.tsx(3,28): error TS2307: Cannot find module '@/components/shop/BannerCarousel' or its corresponding type declarations.
apps/admin-cms/src/components/shop/tabs/HomeTabContent.tsx(4,24): error TS2307: Cannot find module '@/components/products/ProductRow' or its corresponding type declarations.
apps/admin-cms/src/components/shop/tabs/HomeTabContent.tsx(5,26): error TS2307: Cannot find module '@/components/categories/CategoryCard' or its corresponding type declarations.
apps/admin-cms/src/components/shop/tabs/ProductsTabContent.tsx(2,20): error TS2307: Cannot find module '@/lib/utils' or its corresponding type declarations.
apps/admin-cms/src/components/shop/tabs/ProductsTabContent.tsx(3,29): error TS2307: Cannot find module '@/components/products/ProductListItem' or its corresponding type declarations.
apps/admin-cms/src/components/shop/tabs/ProductsTabContent.tsx(4,25): error TS2307: Cannot find module '@/components/products/ProductCard' or its corresponding type declarations.
apps/admin-cms/src/components/shop/tabs/ProductsTabContent.tsx(6,37): error TS2307: Cannot find module '@/hooks/useProducts' or its corresponding type declarations.
apps/admin-cms/src/components/ui/accordion.tsx(5,20): error TS2307: Cannot find module '@/lib/utils' or its corresponding type declarations.
apps/admin-cms/src/components/ui/alert-dialog.tsx(4,20): error TS2307: Cannot find module '@/lib/utils' or its corresponding type declarations.
apps/admin-cms/src/components/ui/alert-dialog.tsx(5,32): error TS2307: Cannot find module '@/components/ui/button' or its corresponding type declarations.
apps/admin-cms/src/components/ui/alert.tsx(4,20): error TS2307: Cannot find module '@/lib/utils' or its corresponding type declarations.
apps/admin-cms/src/components/ui/avatar.tsx(4,20): error TS2307: Cannot find module '@/lib/utils' or its corresponding type declarations.
apps/admin-cms/src/components/ui/badge.tsx(4,20): error TS2307: Cannot find module '@/lib/utils' or its corresponding type declarations.
apps/admin-cms/src/components/ui/breadcrumb.tsx(5,20): error TS2307: Cannot find module '@/lib/utils' or its corresponding type declarations.
apps/admin-cms/src/components/ui/button.tsx(5,20): error TS2307: Cannot find module '@/lib/utils' or its corresponding type declarations.
apps/admin-cms/src/components/ui/calendar.tsx(5,20): error TS2307: Cannot find module '@/lib/utils' or its corresponding type declarations.
apps/admin-cms/src/components/ui/calendar.tsx(6,32): error TS2307: Cannot find module '@/components/ui/button' or its corresponding type declarations.
apps/admin-cms/src/components/ui/card.tsx(3,20): error TS2307: Cannot find module '@/lib/utils' or its corresponding type declarations.
apps/admin-cms/src/components/ui/carousel.tsx(5,20): error TS2307: Cannot find module '@/lib/utils' or its corresponding type declarations.
apps/admin-cms/src/components/ui/carousel.tsx(6,24): error TS2307: Cannot find module '@/components/ui/button' or its corresponding type declarations.
apps/admin-cms/src/components/ui/chart.tsx(4,20): error TS2307: Cannot find module '@/lib/utils' or its corresponding type declarations.
apps/admin-cms/src/components/ui/checkbox.tsx(5,20): error TS2307: Cannot find module '@/lib/utils' or its corresponding type declarations.
apps/admin-cms/src/components/ui/command.tsx(6,20): error TS2307: Cannot find module '@/lib/utils' or its corresponding type declarations.
apps/admin-cms/src/components/ui/command.tsx(7,39): error TS2307: Cannot find module '@/components/ui/dialog' or its corresponding type declarations.
apps/admin-cms/src/components/ui/context-menu.tsx(5,20): error TS2307: Cannot find module '@/lib/utils' or its corresponding type declarations.
apps/admin-cms/src/components/ui/dialog.tsx(5,20): error TS2307: Cannot find module '@/lib/utils' or its corresponding type declarations.
apps/admin-cms/src/components/ui/drawer.tsx(4,20): error TS2307: Cannot find module '@/lib/utils' or its corresponding type declarations.
apps/admin-cms/src/components/ui/dropdown-menu.tsx(5,20): error TS2307: Cannot find module '@/lib/utils' or its corresponding type declarations.
apps/admin-cms/src/components/ui/form.tsx(13,20): error TS2307: Cannot find module '@/lib/utils' or its corresponding type declarations.
apps/admin-cms/src/components/ui/form.tsx(14,23): error TS2307: Cannot find module '@/components/ui/label' or its corresponding type declarations.
apps/admin-cms/src/components/ui/hover-card.tsx(4,20): error TS2307: Cannot find module '@/lib/utils' or its corresponding type declarations.
apps/admin-cms/src/components/ui/input-otp.tsx(5,20): error TS2307: Cannot find module '@/lib/utils' or its corresponding type declarations.
apps/admin-cms/src/components/ui/input.tsx(3,20): error TS2307: Cannot find module '@/lib/utils' or its corresponding type declarations.
apps/admin-cms/src/components/ui/label.tsx(5,20): error TS2307: Cannot find module '@/lib/utils' or its corresponding type declarations.
apps/admin-cms/src/components/ui/menubar.tsx(5,20): error TS2307: Cannot find module '@/lib/utils' or its corresponding type declarations.
apps/admin-cms/src/components/ui/mode-toggle.tsx(3,24): error TS2307: Cannot find module '@/components/ui/button' or its corresponding type declarations.
apps/admin-cms/src/components/ui/mode-toggle.tsx(9,8): error TS2307: Cannot find module '@/components/ui/dropdown-menu' or its corresponding type declarations.
apps/admin-cms/src/components/ui/multi-select.tsx(4,20): error TS2307: Cannot find module '@/lib/utils' or its corresponding type declarations.
apps/admin-cms/src/components/ui/multi-select.tsx(5,23): error TS2307: Cannot find module '@/components/ui/badge' or its corresponding type declarations.
apps/admin-cms/src/components/ui/multi-select.tsx(6,24): error TS2307: Cannot find module '@/components/ui/button' or its corresponding type declarations.
apps/admin-cms/src/components/ui/multi-select.tsx(14,8): error TS2307: Cannot find module '@/components/ui/command' or its corresponding type declarations.
apps/admin-cms/src/components/ui/multi-select.tsx(15,57): error TS2307: Cannot find module '@/components/ui/popover' or its corresponding type declarations.
apps/admin-cms/src/components/ui/navigation-menu.tsx(6,20): error TS2307: Cannot find module '@/lib/utils' or its corresponding type declarations.
apps/admin-cms/src/components/ui/pagination.tsx(4,20): error TS2307: Cannot find module '@/lib/utils' or its corresponding type declarations.
apps/admin-cms/src/components/ui/pagination.tsx(5,45): error TS2307: Cannot find module '@/components/ui/button' or its corresponding type declarations.
apps/admin-cms/src/components/ui/popover.tsx(4,20): error TS2307: Cannot find module '@/lib/utils' or its corresponding type declarations.
apps/admin-cms/src/components/ui/progress.tsx(4,20): error TS2307: Cannot find module '@/lib/utils' or its corresponding type declarations.
apps/admin-cms/src/components/ui/radio-group.tsx(5,20): error TS2307: Cannot find module '@/lib/utils' or its corresponding type declarations.
apps/admin-cms/src/components/ui/resizable.tsx(4,20): error TS2307: Cannot find module '@/lib/utils' or its corresponding type declarations.
apps/admin-cms/src/components/ui/rich-text-editor.tsx(47,43): error TS2307: Cannot find module '@/lib/custom-upload-adapter' or its corresponding type declarations.
apps/admin-cms/src/components/ui/scroll-area.tsx(4,20): error TS2307: Cannot find module '@/lib/utils' or its corresponding type declarations.
apps/admin-cms/src/components/ui/select.tsx(5,20): error TS2307: Cannot find module '@/lib/utils' or its corresponding type declarations.
apps/admin-cms/src/components/ui/separator.tsx(4,20): error TS2307: Cannot find module '@/lib/utils' or its corresponding type declarations.
apps/admin-cms/src/components/ui/sheet.tsx(6,20): error TS2307: Cannot find module '@/lib/utils' or its corresponding type declarations.
apps/admin-cms/src/components/ui/sidebar.tsx(6,29): error TS2307: Cannot find module '@/hooks/useMobile' or its corresponding type declarations.
apps/admin-cms/src/components/ui/sidebar.tsx(7,20): error TS2307: Cannot find module '@/lib/utils' or its corresponding type declarations.
apps/admin-cms/src/components/ui/sidebar.tsx(8,24): error TS2307: Cannot find module '@/components/ui/button' or its corresponding type declarations.
apps/admin-cms/src/components/ui/sidebar.tsx(9,23): error TS2307: Cannot find module '@/components/ui/input' or its corresponding type declarations.
apps/admin-cms/src/components/ui/sidebar.tsx(10,27): error TS2307: Cannot find module '@/components/ui/separator' or its corresponding type declarations.
apps/admin-cms/src/components/ui/sidebar.tsx(11,37): error TS2307: Cannot find module '@/components/ui/sheet' or its corresponding type declarations.
apps/admin-cms/src/components/ui/sidebar.tsx(12,26): error TS2307: Cannot find module '@/components/ui/skeleton' or its corresponding type declarations.
apps/admin-cms/src/components/ui/sidebar.tsx(13,74): error TS2307: Cannot find module '@/components/ui/tooltip' or its corresponding type declarations.
apps/admin-cms/src/components/ui/skeleton.tsx(1,20): error TS2307: Cannot find module '@/lib/utils' or its corresponding type declarations.
apps/admin-cms/src/components/ui/slider.tsx(4,20): error TS2307: Cannot find module '@/lib/utils' or its corresponding type declarations.
apps/admin-cms/src/components/ui/switch.tsx(4,20): error TS2307: Cannot find module '@/lib/utils' or its corresponding type declarations.
apps/admin-cms/src/components/ui/table.tsx(3,20): error TS2307: Cannot find module '@/lib/utils' or its corresponding type declarations.
apps/admin-cms/src/components/ui/tabs.tsx(4,20): error TS2307: Cannot find module '@/lib/utils' or its corresponding type declarations.
apps/admin-cms/src/components/ui/textarea.tsx(3,20): error TS2307: Cannot find module '@/lib/utils' or its corresponding type declarations.
apps/admin-cms/src/components/ui/toast.tsx(6,20): error TS2307: Cannot find module '@/lib/utils' or its corresponding type declarations.
apps/admin-cms/src/components/ui/toaster.tsx(1,26): error TS2307: Cannot find module '@/hooks/use-toast' or its corresponding type declarations.
apps/admin-cms/src/components/ui/toaster.tsx(9,8): error TS2307: Cannot find module '@/components/ui/toast' or its corresponding type declarations.
apps/admin-cms/src/components/ui/toggle-group.tsx(5,20): error TS2307: Cannot find module '@/lib/utils' or its corresponding type declarations.
apps/admin-cms/src/components/ui/toggle-group.tsx(6,32): error TS2307: Cannot find module '@/components/ui/toggle' or its corresponding type declarations.
apps/admin-cms/src/components/ui/toggle-group.tsx(18,4): error TS2322: Type '{ children: Element; ref: ForwardedRef<HTMLDivElement>; className: any; } | { children: Element; ref: ForwardedRef<HTMLDivElement>; className: any; }' is not assignable to type 'IntrinsicAttributes & ((ToggleGroupSingleProps | ToggleGroupMultipleProps) & RefAttributes<HTMLDivElement>)'.
  Type '{ children: Element; ref: ForwardedRef<HTMLDivElement>; className: any; }' is not assignable to type 'IntrinsicAttributes & ((ToggleGroupSingleProps | ToggleGroupMultipleProps) & RefAttributes<HTMLDivElement>)'.
    Property 'type' is missing in type '{ children: Element; ref: ForwardedRef<HTMLDivElement>; className: any; }' but required in type 'ToggleGroupMultipleProps'.
apps/admin-cms/src/components/ui/toggle-group.tsx(37,6): error TS2741: Property 'value' is missing in type '{ children: any; ref: ForwardedRef<HTMLButtonElement>; className: any; }' but required in type 'Omit<ToggleGroupItemImplProps, "pressed">'.
apps/admin-cms/src/components/ui/toggle.tsx(5,20): error TS2307: Cannot find module '@/lib/utils' or its corresponding type declarations.
apps/admin-cms/src/components/ui/tooltip.tsx(4,20): error TS2307: Cannot find module '@/lib/utils' or its corresponding type declarations.
apps/admin-cms/src/components/ui/use-toast.ts(1,33): error TS2307: Cannot find module '@/hooks/use-toast' or its corresponding type declarations.
apps/admin-cms/src/data/mockData.ts(23,25): error TS2307: Cannot find module '@/types/product' or its corresponding type declarations.
apps/admin-cms/src/data/mockData.ts(24,26): error TS2307: Cannot find module '@/types/category' or its corresponding type declarations.
apps/admin-cms/src/hooks/use-toast.ts(3,53): error TS2307: Cannot find module '@/components/ui/toast' or its corresponding type declarations.
apps/admin-cms/src/hooks/useAuth.ts(2,25): error TS2307: Cannot find module '@/api/auth' or its corresponding type declarations.
apps/admin-cms/src/hooks/useAuth.ts(3,22): error TS2307: Cannot find module '@/lib/auth' or its corresponding type declarations.
apps/admin-cms/src/hooks/useAuth.ts(4,39): error TS2307: Cannot find module '@/types/auth' or its corresponding type declarations.
apps/admin-cms/src/hooks/useAuth.ts(7,30): error TS2307: Cannot find module '@/store/useUserStore' or its corresponding type declarations.
apps/admin-cms/src/hooks/useAuth.ts(17,20): error TS2339: Property 'success' does not exist on type 'unknown'.
apps/admin-cms/src/hooks/useAuth.ts(17,40): error TS2339: Property 'data' does not exist on type 'unknown'.
apps/admin-cms/src/hooks/useAuth.ts(18,32): error TS2339: Property 'data' does not exist on type 'unknown'.
apps/admin-cms/src/hooks/useAuth.ts(21,64): error TS2339: Property 'data' does not exist on type 'unknown'.
apps/admin-cms/src/hooks/useAuth.ts(34,30): error TS2339: Property 'message' does not exist on type 'unknown'.
apps/admin-cms/src/hooks/useAuth.ts(45,20): error TS2339: Property 'success' does not exist on type 'unknown'.
apps/admin-cms/src/hooks/useCategories.ts(2,29): error TS2307: Cannot find module '@/api/category' or its corresponding type declarations.
apps/admin-cms/src/hooks/useCategories.ts(3,64): error TS2307: Cannot find module '@/types/category' or its corresponding type declarations.
apps/admin-cms/src/hooks/useCustomers.ts(2,34): error TS2307: Cannot find module '@vibe/shared' or its corresponding type declarations.
apps/admin-cms/src/hooks/useCustomers.ts(3,25): error TS2307: Cannot find module '@/lib/api-helper' or its corresponding type declarations.
apps/admin-cms/src/hooks/useCustomers.ts(4,42): error TS2307: Cannot find module '@vibe/shared' or its corresponding type declarations.
apps/admin-cms/src/hooks/useDashboard.ts(2,67): error TS2307: Cannot find module '@vibe/shared' or its corresponding type declarations.
apps/admin-cms/src/hooks/useDashboard.ts(3,25): error TS2307: Cannot find module '@/lib/api-helper' or its corresponding type declarations.
apps/admin-cms/src/hooks/useEmailMarketing.ts(8,8): error TS2307: Cannot find module '@/api/email-marketing' or its corresponding type declarations.
apps/admin-cms/src/hooks/useEmailMarketing.ts(21,8): error TS2307: Cannot find module '@vibe/shared' or its corresponding type declarations.
apps/admin-cms/src/hooks/useOrders.ts(2,26): error TS2307: Cannot find module '@/api/order' or its corresponding type declarations.
apps/admin-cms/src/hooks/useOrders.ts(3,66): error TS2307: Cannot find module '@/types/order' or its corresponding type declarations.
apps/admin-cms/src/hooks/useOrders.ts(4,32): error TS2307: Cannot find module '@vibe/shared' or its corresponding type declarations.
apps/admin-cms/src/hooks/usePermission.ts(1,30): error TS2307: Cannot find module '@/store' or its corresponding type declarations.
apps/admin-cms/src/hooks/usePopups.ts(2,26): error TS2307: Cannot find module '@/api/popup' or its corresponding type declarations.
apps/admin-cms/src/hooks/usePopups.ts(3,55): error TS2307: Cannot find module '@/types/popup' or its corresponding type declarations.
apps/admin-cms/src/hooks/usePosts.ts(2,25): error TS2307: Cannot find module '@/api/post' or its corresponding type declarations.
apps/admin-cms/src/hooks/usePosts.ts(3,46): error TS2307: Cannot find module '@/types/post' or its corresponding type declarations.
apps/admin-cms/src/hooks/usePosts.ts(5,34): error TS2307: Cannot find module '@vibe/shared' or its corresponding type declarations.
apps/admin-cms/src/hooks/useProducts.ts(2,28): error TS2307: Cannot find module '@/api/product' or its corresponding type declarations.
apps/admin-cms/src/hooks/useProducts.ts(3,52): error TS2307: Cannot find module '@/types/product' or its corresponding type declarations.
apps/admin-cms/src/hooks/useProducts.ts(4,60): error TS2307: Cannot find module '@vibe/shared' or its corresponding type declarations.
apps/admin-cms/src/hooks/useProducts.ts(7,27): error TS2307: Cannot find module '@/lib/api-client' or its corresponding type declarations.
apps/admin-cms/src/hooks/useProducts.ts(8,25): error TS2307: Cannot find module '@/types/product' or its corresponding type declarations.
apps/admin-cms/src/hooks/useProfile.ts(3,25): error TS2307: Cannot find module '@/api/auth' or its corresponding type declarations.
apps/admin-cms/src/hooks/useProfile.ts(4,22): error TS2307: Cannot find module '@/lib/auth' or its corresponding type declarations.
apps/admin-cms/src/hooks/useProfile.ts(5,30): error TS2307: Cannot find module '@/store/useUserStore' or its corresponding type declarations.
apps/admin-cms/src/hooks/useReviews.ts(2,27): error TS2307: Cannot find module '@/api/review' or its corresponding type declarations.
apps/admin-cms/src/hooks/useReviews.ts(3,41): error TS2307: Cannot find module '@/types/review' or its corresponding type declarations.
apps/admin-cms/src/hooks/useRoles.ts(2,25): error TS2307: Cannot find module '@/api/role' or its corresponding type declarations.
apps/admin-cms/src/hooks/useRoles.ts(3,60): error TS2307: Cannot find module '@/types/role' or its corresponding type declarations.
apps/admin-cms/src/hooks/useShopSettings.ts(2,33): error TS2307: Cannot find module '@/services/settings.service' or its corresponding type declarations.
apps/admin-cms/src/hooks/useShopSettings.ts(3,34): error TS2307: Cannot find module '@/store/useSettingsStore' or its corresponding type declarations.
apps/admin-cms/src/hooks/useShopSettings.ts(5,29): error TS2307: Cannot find module '@/lib/utils' or its corresponding type declarations.
apps/admin-cms/src/hooks/useShopSettings.ts(20,20): error TS2339: Property 'store_name' does not exist on type 'unknown'.
apps/admin-cms/src/hooks/useShopSettings.ts(21,35): error TS2339: Property 'store_name' does not exist on type 'unknown'.
apps/admin-cms/src/hooks/useShopSettings.ts(24,20): error TS2339: Property 'store_logo' does not exist on type 'unknown'.
apps/admin-cms/src/hooks/useShopSettings.ts(31,42): error TS2339: Property 'store_logo' does not exist on type 'unknown'.
apps/admin-cms/src/hooks/useTags.ts(2,24): error TS2307: Cannot find module '@/api/tag' or its corresponding type declarations.
apps/admin-cms/src/hooks/useTags.ts(3,44): error TS2307: Cannot find module '@/types/tag' or its corresponding type declarations.
apps/admin-cms/src/hooks/useTopics.ts(2,26): error TS2307: Cannot find module '@/api/topic' or its corresponding type declarations.
apps/admin-cms/src/hooks/useTopics.ts(3,48): error TS2307: Cannot find module '@/types/topic' or its corresponding type declarations.
apps/admin-cms/src/hooks/useUsers.ts(2,25): error TS2307: Cannot find module '@/api/user' or its corresponding type declarations.
apps/admin-cms/src/lib/openapi-config.ts(1,24): error TS2307: Cannot find module '@vibe/shared' or its corresponding type declarations.
apps/admin-cms/src/lib/openapi-config.ts(2,22): error TS2307: Cannot find module '@/lib/auth' or its corresponding type declarations.
apps/admin-cms/src/pages/admin/AdminBlogForm.tsx(5,29): error TS2307: Cannot find module '@/components/admin/AdminLayout' or its corresponding type declarations.
apps/admin-cms/src/pages/admin/AdminBlogForm.tsx(6,24): error TS2307: Cannot find module '@/components/ui/button' or its corresponding type declarations.
apps/admin-cms/src/pages/admin/AdminBlogForm.tsx(7,23): error TS2307: Cannot find module '@/components/ui/input' or its corresponding type declarations.
apps/admin-cms/src/pages/admin/AdminBlogForm.tsx(8,23): error TS2307: Cannot find module '@/components/ui/label' or its corresponding type declarations.
apps/admin-cms/src/pages/admin/AdminBlogForm.tsx(9,26): error TS2307: Cannot find module '@/components/ui/textarea' or its corresponding type declarations.
apps/admin-cms/src/pages/admin/AdminBlogForm.tsx(16,8): error TS2307: Cannot find module '@/components/ui/select' or its corresponding type declarations.
apps/admin-cms/src/pages/admin/AdminBlogForm.tsx(17,58): error TS2307: Cannot find module '@/components/ui/tabs' or its corresponding type declarations.
apps/admin-cms/src/pages/admin/AdminBlogForm.tsx(18,58): error TS2307: Cannot find module '@/components/ui/card' or its corresponding type declarations.
apps/admin-cms/src/pages/admin/AdminBlogForm.tsx(19,28): error TS2307: Cannot find module '@/components/ui/rich-text-editor' or its corresponding type declarations.
apps/admin-cms/src/pages/admin/AdminBlogForm.tsx(20,28): error TS2307: Cannot find module '@/components/admin/blog/BlogSeoTab' or its corresponding type declarations.
apps/admin-cms/src/pages/admin/AdminBlogForm.tsx(21,29): error TS2307: Cannot find module '@/components/common/ImageUpload' or its corresponding type declarations.
apps/admin-cms/src/pages/admin/AdminBlogForm.tsx(25,42): error TS2307: Cannot find module '@/lib/utils' or its corresponding type declarations.
apps/admin-cms/src/pages/admin/AdminBlogForm.tsx(26,29): error TS2307: Cannot find module '@/components/ui/multi-select' or its corresponding type declarations.
apps/admin-cms/src/pages/admin/AdminBlogForm.tsx(28,55): error TS2307: Cannot find module '@/hooks/usePosts' or its corresponding type declarations.
apps/admin-cms/src/pages/admin/AdminBlogForm.tsx(29,27): error TS2307: Cannot find module '@/hooks/useTopics' or its corresponding type declarations.
apps/admin-cms/src/pages/admin/AdminBlogForm.tsx(30,25): error TS2307: Cannot find module '@/hooks/useTags' or its corresponding type declarations.
apps/admin-cms/src/pages/admin/AdminFaqForm.tsx(3,29): error TS2307: Cannot find module '@/components/admin/AdminLayout' or its corresponding type declarations.
apps/admin-cms/src/pages/admin/AdminFaqForm.tsx(4,24): error TS2307: Cannot find module '@/components/ui/button' or its corresponding type declarations.
apps/admin-cms/src/pages/admin/AdminFaqForm.tsx(5,23): error TS2307: Cannot find module '@/components/ui/input' or its corresponding type declarations.
apps/admin-cms/src/pages/admin/AdminFaqForm.tsx(6,23): error TS2307: Cannot find module '@/components/ui/label' or its corresponding type declarations.
apps/admin-cms/src/pages/admin/AdminFaqForm.tsx(7,58): error TS2307: Cannot find module '@/components/ui/card' or its corresponding type declarations.
apps/admin-cms/src/pages/admin/AdminFaqForm.tsx(8,28): error TS2307: Cannot find module '@/components/ui/rich-text-editor' or its corresponding type declarations.
apps/admin-cms/src/pages/admin/AdminFaqForm.tsx(9,31): error TS2307: Cannot find module '@/data/mockFaqs' or its corresponding type declarations.
apps/admin-cms/src/pages/admin/AdminFaqForm.tsx(12,24): error TS2307: Cannot find module '@/components/ui/switch' or its corresponding type declarations.
apps/admin-cms/src/pages/admin/AdminPageForm.tsx(3,29): error TS2307: Cannot find module '@/components/admin/AdminLayout' or its corresponding type declarations.
apps/admin-cms/src/pages/admin/AdminPageForm.tsx(4,24): error TS2307: Cannot find module '@/components/ui/button' or its corresponding type declarations.
apps/admin-cms/src/pages/admin/AdminPageForm.tsx(5,23): error TS2307: Cannot find module '@/components/ui/input' or its corresponding type declarations.
apps/admin-cms/src/pages/admin/AdminPageForm.tsx(6,26): error TS2307: Cannot find module '@/components/ui/textarea' or its corresponding type declarations.
apps/admin-cms/src/pages/admin/AdminPageForm.tsx(7,23): error TS2307: Cannot find module '@/components/ui/label' or its corresponding type declarations.
apps/admin-cms/src/pages/admin/AdminPageForm.tsx(8,58): error TS2307: Cannot find module '@/components/ui/card' or its corresponding type declarations.
apps/admin-cms/src/pages/admin/AdminPageForm.tsx(9,58): error TS2307: Cannot find module '@/components/ui/tabs' or its corresponding type declarations.
apps/admin-cms/src/pages/admin/AdminPageForm.tsx(10,28): error TS2307: Cannot find module '@/components/ui/rich-text-editor' or its corresponding type declarations.
apps/admin-cms/src/pages/admin/AdminPageForm.tsx(11,27): error TS2307: Cannot find module '@/data/mockPages' or its corresponding type declarations.
apps/admin-cms/src/pages/admin/AdminPageForm.tsx(14,24): error TS2307: Cannot find module '@/components/ui/switch' or its corresponding type declarations.
apps/admin-cms/src/pages/admin/AdminPageForm.tsx(18,29): error TS2307: Cannot find module '@/components/common/ImageUpload' or its corresponding type declarations.
apps/admin-cms/src/pages/admin/AdminPageForm.tsx(19,30): error TS2307: Cannot find module '@/lib/utils' or its corresponding type declarations.
apps/admin-cms/src/pages/admin/AdminPermissionForm.tsx(2,29): error TS2307: Cannot find module '@/components/admin/AdminLayout' or its corresponding type declarations.
apps/admin-cms/src/pages/admin/AdminPermissionForm.tsx(3,24): error TS2307: Cannot find module '@/components/ui/button' or its corresponding type declarations.
apps/admin-cms/src/pages/admin/AdminPermissionForm.tsx(4,23): error TS2307: Cannot find module '@/components/ui/input' or its corresponding type declarations.
apps/admin-cms/src/pages/admin/AdminPermissionForm.tsx(5,23): error TS2307: Cannot find module '@/components/ui/label' or its corresponding type declarations.
apps/admin-cms/src/pages/admin/AdminPermissionForm.tsx(6,75): error TS2307: Cannot find module '@/components/ui/card' or its corresponding type declarations.
apps/admin-cms/src/pages/admin/AdminPermissionForm.tsx(7,94): error TS2307: Cannot find module '@/hooks/useRoles' or its corresponding type declarations.
apps/admin-cms/src/pages/admin/AdminPermissionForm.tsx(18,8): error TS2307: Cannot find module '@/components/ui/select' or its corresponding type declarations.
apps/admin-cms/src/pages/admin/AdminPermissionForm.tsx(19,33): error TS2307: Cannot find module '@/components/auth/PermissionGuard' or its corresponding type declarations.
apps/admin-cms/src/pages/admin/AdminPermissionForm.tsx(20,32): error TS2307: Cannot find module '@/constants/permissions' or its corresponding type declarations.
apps/admin-cms/src/pages/admin/AdminPermissionGroupForm.tsx(3,29): error TS2307: Cannot find module '@/components/admin/AdminLayout' or its corresponding type declarations.
apps/admin-cms/src/pages/admin/AdminPermissionGroupForm.tsx(4,24): error TS2307: Cannot find module '@/components/ui/button' or its corresponding type declarations.
apps/admin-cms/src/pages/admin/AdminPermissionGroupForm.tsx(5,23): error TS2307: Cannot find module '@/components/ui/input' or its corresponding type declarations.
apps/admin-cms/src/pages/admin/AdminPermissionGroupForm.tsx(6,23): error TS2307: Cannot find module '@/components/ui/label' or its corresponding type declarations.
apps/admin-cms/src/pages/admin/AdminPermissionGroupForm.tsx(7,75): error TS2307: Cannot find module '@/components/ui/card' or its corresponding type declarations.
apps/admin-cms/src/pages/admin/AdminPermissionGroupForm.tsx(8,89): error TS2307: Cannot find module '@/hooks/useRoles' or its corresponding type declarations.
apps/admin-cms/src/pages/admin/AdminPermissionGroupForm.tsx(13,33): error TS2307: Cannot find module '@/components/auth/PermissionGuard' or its corresponding type declarations.
apps/admin-cms/src/pages/admin/AdminPermissionGroupForm.tsx(14,32): error TS2307: Cannot find module '@/constants/permissions' or its corresponding type declarations.
apps/admin-cms/src/pages/admin/AdminPermissionGroups.tsx(2,29): error TS2307: Cannot find module '@/components/admin/AdminLayout' or its corresponding type declarations.
apps/admin-cms/src/pages/admin/AdminPermissionGroups.tsx(3,24): error TS2307: Cannot find module '@/components/ui/button' or its corresponding type declarations.
apps/admin-cms/src/pages/admin/AdminPermissionGroups.tsx(4,23): error TS2307: Cannot find module '@/components/ui/input' or its corresponding type declarations.
apps/admin-cms/src/pages/admin/AdminPermissionGroups.tsx(12,8): error TS2307: Cannot find module '@/components/ui/table' or its corresponding type declarations.
apps/admin-cms/src/pages/admin/AdminPermissionGroups.tsx(21,8): error TS2307: Cannot find module '@/hooks/useRoles' or its corresponding type declarations.
apps/admin-cms/src/pages/admin/AdminPermissionGroups.tsx(23,33): error TS2307: Cannot find module '@/components/auth/PermissionGuard' or its corresponding type declarations.
apps/admin-cms/src/pages/admin/AdminPermissionGroups.tsx(24,32): error TS2307: Cannot find module '@/constants/permissions' or its corresponding type declarations.
apps/admin-cms/src/pages/admin/AdminPermissionGroups.tsx(35,8): error TS2307: Cannot find module '@/components/ui/alert-dialog' or its corresponding type declarations.
apps/admin-cms/src/pages/admin/AdminPermissionGroups.tsx(43,8): error TS2307: Cannot find module '@/components/ui/dialog' or its corresponding type declarations.
apps/admin-cms/src/pages/admin/AdminPermissionGroups.tsx(44,26): error TS2307: Cannot find module '@/components/ui/checkbox' or its corresponding type declarations.
apps/admin-cms/src/pages/admin/AdminPermissionGroups.tsx(45,23): error TS2307: Cannot find module '@/components/ui/label' or its corresponding type declarations.
apps/admin-cms/src/pages/admin/AdminPermissionGroups.tsx(46,23): error TS2307: Cannot find module '@/components/ui/badge' or its corresponding type declarations.
apps/admin-cms/src/pages/admin/AdminPermissions.tsx(2,29): error TS2307: Cannot find module '@/components/admin/AdminLayout' or its corresponding type declarations.
apps/admin-cms/src/pages/admin/AdminPermissions.tsx(3,24): error TS2307: Cannot find module '@/components/ui/button' or its corresponding type declarations.
apps/admin-cms/src/pages/admin/AdminPermissions.tsx(4,23): error TS2307: Cannot find module '@/components/ui/input' or its corresponding type declarations.
apps/admin-cms/src/pages/admin/AdminPermissions.tsx(12,8): error TS2307: Cannot find module '@/components/ui/table' or its corresponding type declarations.
apps/admin-cms/src/pages/admin/AdminPermissions.tsx(14,53): error TS2307: Cannot find module '@/hooks/useRoles' or its corresponding type declarations.
apps/admin-cms/src/pages/admin/AdminPermissions.tsx(16,33): error TS2307: Cannot find module '@/components/auth/PermissionGuard' or its corresponding type declarations.
apps/admin-cms/src/pages/admin/AdminPermissions.tsx(17,32): error TS2307: Cannot find module '@/constants/permissions' or its corresponding type declarations.
apps/admin-cms/src/pages/admin/AdminPermissions.tsx(28,8): error TS2307: Cannot find module '@/components/ui/alert-dialog' or its corresponding type declarations.
apps/admin-cms/src/pages/admin/AdminPopupForm.tsx(3,29): error TS2307: Cannot find module '@/components/admin/AdminLayout' or its corresponding type declarations.
apps/admin-cms/src/pages/admin/AdminPopupForm.tsx(4,24): error TS2307: Cannot find module '@/components/ui/button' or its corresponding type declarations.
apps/admin-cms/src/pages/admin/AdminPopupForm.tsx(5,23): error TS2307: Cannot find module '@/components/ui/input' or its corresponding type declarations.
apps/admin-cms/src/pages/admin/AdminPopupForm.tsx(6,26): error TS2307: Cannot find module '@/components/ui/textarea' or its corresponding type declarations.
apps/admin-cms/src/pages/admin/AdminPopupForm.tsx(7,23): error TS2307: Cannot find module '@/components/ui/label' or its corresponding type declarations.
apps/admin-cms/src/pages/admin/AdminPopupForm.tsx(8,75): error TS2307: Cannot find module '@/components/ui/card' or its corresponding type declarations.
apps/admin-cms/src/pages/admin/AdminPopupForm.tsx(11,24): error TS2307: Cannot find module '@/components/ui/switch' or its corresponding type declarations.
apps/admin-cms/src/pages/admin/AdminPopupForm.tsx(15,29): error TS2307: Cannot find module '@/components/common/ImageUpload' or its corresponding type declarations.
apps/admin-cms/src/pages/admin/AdminPopupForm.tsx(16,59): error TS2307: Cannot find module '@/hooks/usePopups' or its corresponding type declarations.
apps/admin-cms/src/pages/admin/AdminPopupForm.tsx(23,8): error TS2307: Cannot find module '@/components/ui/select' or its corresponding type declarations.
apps/admin-cms/src/pages/admin/AdminProductForm.tsx(3,29): error TS2307: Cannot find module '@/components/admin/AdminLayout' or its corresponding type declarations.
apps/admin-cms/src/pages/admin/AdminProductForm.tsx(4,24): error TS2307: Cannot find module '@/components/ui/button' or its corresponding type declarations.
apps/admin-cms/src/pages/admin/AdminProductForm.tsx(5,58): error TS2307: Cannot find module '@/components/ui/tabs' or its corresponding type declarations.
apps/admin-cms/src/pages/admin/AdminProductForm.tsx(6,58): error TS2307: Cannot find module '@/components/ui/card' or its corresponding type declarations.
apps/admin-cms/src/pages/admin/AdminProductForm.tsx(7,35): error TS2307: Cannot find module '@/components/admin/products/ProductGeneralTab' or its corresponding type declarations.
apps/admin-cms/src/pages/admin/AdminProductForm.tsx(8,31): error TS2307: Cannot find module '@/components/admin/products/ProductSeoTab' or its corresponding type declarations.
apps/admin-cms/src/pages/admin/AdminProductForm.tsx(9,36): error TS2307: Cannot find module '@/components/admin/products/ProductVariantsTab' or its corresponding type declarations.
apps/admin-cms/src/pages/admin/AdminProductForm.tsx(10,35): error TS2307: Cannot find module '@/components/admin/products/ProductReviewsTab' or its corresponding type declarations.
apps/admin-cms/src/pages/admin/AdminProductForm.tsx(11,42): error TS2307: Cannot find module '@/components/admin/products/ProductSpecificationsTab' or its corresponding type declarations.
apps/admin-cms/src/pages/admin/AdminProductForm.tsx(12,33): error TS2307: Cannot find module '@/components/admin/products/ProductVideoTab' or its corresponding type declarations.
apps/admin-cms/src/pages/admin/AdminProductForm.tsx(13,29): error TS2307: Cannot find module '@/components/common/ImageUpload' or its corresponding type declarations.
apps/admin-cms/src/pages/admin/AdminProductForm.tsx(14,23): error TS2307: Cannot find module '@/components/ui/label' or its corresponding type declarations.
apps/admin-cms/src/pages/admin/AdminProductForm.tsx(26,8): error TS2307: Cannot find module '@/hooks/useProducts' or its corresponding type declarations.
apps/admin-cms/src/pages/admin/AdminProductForm.tsx(27,28): error TS2307: Cannot find module '@/api/product' or its corresponding type declarations.
apps/admin-cms/src/pages/admin/AdminProductForm.tsx(28,31): error TS2307: Cannot find module '@/hooks/useCategories' or its corresponding type declarations.
apps/admin-cms/src/pages/admin/AdminProductForm.tsx(29,56): error TS2307: Cannot find module '@/types/product' or its corresponding type declarations.
apps/admin-cms/src/pages/admin/AdminProductForm.tsx(31,29): error TS2307: Cannot find module '@/lib/utils' or its corresponding type declarations.
apps/admin-cms/src/pages/admin/AdminProductForm.tsx(33,27): error TS2307: Cannot find module '@/lib/api-client' or its corresponding type declarations.
apps/admin-cms/src/pages/admin/AdminRoleForm.tsx(3,29): error TS2307: Cannot find module '@/components/admin/AdminLayout' or its corresponding type declarations.
apps/admin-cms/src/pages/admin/AdminRoleForm.tsx(4,24): error TS2307: Cannot find module '@/components/ui/button' or its corresponding type declarations.
apps/admin-cms/src/pages/admin/AdminRoleForm.tsx(5,23): error TS2307: Cannot find module '@/components/ui/input' or its corresponding type declarations.
apps/admin-cms/src/pages/admin/AdminRoleForm.tsx(6,23): error TS2307: Cannot find module '@/components/ui/label' or its corresponding type declarations.
apps/admin-cms/src/pages/admin/AdminRoleForm.tsx(7,75): error TS2307: Cannot find module '@/components/ui/card' or its corresponding type declarations.
apps/admin-cms/src/pages/admin/AdminRoleForm.tsx(8,78): error TS2307: Cannot find module '@/hooks/useRoles' or its corresponding type declarations.
apps/admin-cms/src/pages/admin/AdminRoleForm.tsx(11,26): error TS2307: Cannot find module '@/components/ui/checkbox' or its corresponding type declarations.
apps/admin-cms/src/pages/admin/AdminRoleForm.tsx(12,26): error TS2307: Cannot find module '@/components/ui/textarea' or its corresponding type declarations.
apps/admin-cms/src/pages/admin/AdminRoleForm.tsx(16,28): error TS2307: Cannot find module '@/types/role' or its corresponding type declarations.
apps/admin-cms/src/pages/admin/AdminUserForm.tsx(3,29): error TS2307: Cannot find module '@/components/admin/AdminLayout' or its corresponding type declarations.
apps/admin-cms/src/pages/admin/AdminUserForm.tsx(4,24): error TS2307: Cannot find module '@/components/ui/button' or its corresponding type declarations.
apps/admin-cms/src/pages/admin/AdminUserForm.tsx(5,23): error TS2307: Cannot find module '@/components/ui/input' or its corresponding type declarations.
apps/admin-cms/src/pages/admin/AdminUserForm.tsx(6,23): error TS2307: Cannot find module '@/components/ui/label' or its corresponding type declarations.
apps/admin-cms/src/pages/admin/AdminUserForm.tsx(7,58): error TS2307: Cannot find module '@/components/ui/card' or its corresponding type declarations.
apps/admin-cms/src/pages/admin/AdminUserForm.tsx(16,8): error TS2307: Cannot find module '@/components/ui/select' or its corresponding type declarations.
apps/admin-cms/src/pages/admin/AdminUserForm.tsx(17,29): error TS2307: Cannot find module '@/components/common/ImageUpload' or its corresponding type declarations.
apps/admin-cms/src/pages/admin/AdminUserForm.tsx(21,25): error TS2307: Cannot find module '@/api/user' or its corresponding type declarations.
apps/admin-cms/src/pages/admin/AdminUserForm.tsx(23,27): error TS2307: Cannot find module '@/lib/api-client' or its corresponding type declarations.
apps/admin-cms/src/pages/admin/AdminWebhookForm.tsx(5,24): error TS2307: Cannot find module '@/components/ui/button' or its corresponding type declarations.
apps/admin-cms/src/pages/admin/AdminWebhookForm.tsx(6,23): error TS2307: Cannot find module '@/components/ui/input' or its corresponding type declarations.
apps/admin-cms/src/pages/admin/AdminWebhookForm.tsx(7,23): error TS2307: Cannot find module '@/components/ui/label' or its corresponding type declarations.
apps/admin-cms/src/pages/admin/AdminWebhookForm.tsx(8,24): error TS2307: Cannot find module '@/components/ui/switch' or its corresponding type declarations.
apps/admin-cms/src/pages/admin/AdminWebhookForm.tsx(15,8): error TS2307: Cannot find module '@/components/ui/select' or its corresponding type declarations.
apps/admin-cms/src/pages/admin/AdminWebhookForm.tsx(16,37): error TS2307: Cannot find module '@/components/ui/multi-select' or its corresponding type declarations.
apps/admin-cms/src/pages/admin/AdminWebhookForm.tsx(17,43): error TS2307: Cannot find module '@/components/common/KeyValInput' or its corresponding type declarations.
apps/admin-cms/src/pages/admin/AdminWebhookForm.tsx(18,28): error TS2307: Cannot find module '@/docs/api-types' or its corresponding type declarations.
apps/admin-cms/src/pages/admin/Blog.tsx(5,58): error TS2307: Cannot find module '@/components/ui/card' or its corresponding type declarations.
apps/admin-cms/src/pages/admin/Blog.tsx(6,24): error TS2307: Cannot find module '@/components/ui/button' or its corresponding type declarations.
apps/admin-cms/src/pages/admin/Blog.tsx(7,23): error TS2307: Cannot find module '@/components/ui/input' or its corresponding type declarations.
apps/admin-cms/src/pages/admin/Blog.tsx(8,29): error TS2307: Cannot find module '@/components/admin/AdminLayout' or its corresponding type declarations.
apps/admin-cms/src/pages/admin/Blog.tsx(16,8): error TS2307: Cannot find module '@/components/ui/table' or its corresponding type declarations.
apps/admin-cms/src/pages/admin/Blog.tsx(18,23): error TS2307: Cannot find module '@/components/ui/badge' or its corresponding type declarations.
apps/admin-cms/src/pages/admin/Blog.tsx(20,31): error TS2307: Cannot find module '@/components/common/ConfirmDialog' or its corresponding type declarations.
apps/admin-cms/src/pages/admin/Blog.tsx(21,41): error TS2307: Cannot find module '@/hooks/usePosts' or its corresponding type declarations.
apps/admin-cms/src/pages/admin/Blog.tsx(22,41): error TS2307: Cannot find module '@/lib/utils' or its corresponding type declarations.
apps/admin-cms/src/pages/admin/Blog.tsx(23,27): error TS2307: Cannot find module '@/hooks/useTopics' or its corresponding type declarations.
apps/admin-cms/src/pages/admin/Blog.tsx(24,26): error TS2307: Cannot find module '@/hooks/useUsers' or its corresponding type declarations.
apps/admin-cms/src/pages/admin/Blog.tsx(25,47): error TS2307: Cannot find module '@/components/admin/blog/BlogFilters' or its corresponding type declarations.
apps/admin-cms/src/pages/admin/Blog.tsx(26,34): error TS2307: Cannot find module '@vibe/shared' or its corresponding type declarations.
apps/admin-cms/src/pages/admin/BlogPreview.tsx(2,33): error TS2307: Cannot find module '@/components/blog/BlogPostContent' or its corresponding type declarations.
apps/admin-cms/src/pages/admin/BlogPreview.tsx(3,42): error TS2307: Cannot find module '@/data/mockBlogPosts' or its corresponding type declarations.
apps/admin-cms/src/pages/admin/BlogPreview.tsx(17,23): error TS2307: Cannot find module '@/components/ui/badge' or its corresponding type declarations.
apps/admin-cms/src/pages/admin/BlogPreview.tsx(18,24): error TS2307: Cannot find module '@/components/ui/button' or its corresponding type declarations.
apps/admin-cms/src/pages/admin/BlogPreview.tsx(19,27): error TS2307: Cannot find module '@/components/ui/separator' or its corresponding type declarations.
apps/admin-cms/src/pages/admin/BlogPreview.tsx(20,29): error TS2307: Cannot find module '@/lib/utils' or its corresponding type declarations.
apps/admin-cms/src/pages/admin/BlogPreview.tsx(21,25): error TS2307: Cannot find module '@/hooks/usePosts' or its corresponding type declarations.
apps/admin-cms/src/pages/admin/Categories.tsx(12,23): error TS2307: Cannot find module '@/components/ui/label' or its corresponding type declarations.
apps/admin-cms/src/pages/admin/Categories.tsx(13,26): error TS2307: Cannot find module '@/components/ui/textarea' or its corresponding type declarations.
apps/admin-cms/src/pages/admin/Categories.tsx(14,75): error TS2307: Cannot find module '@/components/ui/card' or its corresponding type declarations.
apps/admin-cms/src/pages/admin/Categories.tsx(15,24): error TS2307: Cannot find module '@/components/ui/button' or its corresponding type declarations.
apps/admin-cms/src/pages/admin/Categories.tsx(16,23): error TS2307: Cannot find module '@/components/ui/input' or its corresponding type declarations.
apps/admin-cms/src/pages/admin/Categories.tsx(17,29): error TS2307: Cannot find module '@/components/admin/AdminLayout' or its corresponding type declarations.
apps/admin-cms/src/pages/admin/Categories.tsx(18,26): error TS2307: Cannot find module '@/types/category' or its corresponding type declarations.
apps/admin-cms/src/pages/admin/Categories.tsx(25,8): error TS2307: Cannot find module '@/components/ui/dropdown-menu' or its corresponding type declarations.
apps/admin-cms/src/pages/admin/Categories.tsx(26,58): error TS2307: Cannot find module '@/components/ui/tabs' or its corresponding type declarations.
apps/admin-cms/src/pages/admin/Categories.tsx(27,70): error TS2307: Cannot find module '@/components/ui/resizable' or its corresponding type declarations.
apps/admin-cms/src/pages/admin/Categories.tsx(28,24): error TS2307: Cannot find module '@/components/ui/switch' or its corresponding type declarations.
apps/admin-cms/src/pages/admin/Categories.tsx(35,8): error TS2307: Cannot find module '@/components/ui/select' or its corresponding type declarations.
apps/admin-cms/src/pages/admin/Categories.tsx(37,34): error TS2307: Cannot find module '@/lib/utils' or its corresponding type declarations.
apps/admin-cms/src/pages/admin/Categories.tsx(38,28): error TS2307: Cannot find module '@/components/ui/rich-text-editor' or its corresponding type declarations.
apps/admin-cms/src/pages/admin/Categories.tsx(39,29): error TS2307: Cannot find module '@/components/common/ImageUpload' or its corresponding type declarations.
apps/admin-cms/src/pages/admin/Categories.tsx(43,31): error TS2307: Cannot find module '@/components/common/ConfirmDialog' or its corresponding type declarations.
apps/admin-cms/src/pages/admin/Categories.tsx(68,8): error TS2307: Cannot find module '@/hooks/useCategories' or its corresponding type declarations.
apps/admin-cms/src/pages/admin/Customers.tsx(15,75): error TS2307: Cannot find module '@/components/ui/card' or its corresponding type declarations.
apps/admin-cms/src/pages/admin/Customers.tsx(16,24): error TS2307: Cannot find module '@/components/ui/button' or its corresponding type declarations.
apps/admin-cms/src/pages/admin/Customers.tsx(17,23): error TS2307: Cannot find module '@/components/ui/input' or its corresponding type declarations.
apps/admin-cms/src/pages/admin/Customers.tsx(18,29): error TS2307: Cannot find module '@/components/admin/AdminLayout' or its corresponding type declarations.
apps/admin-cms/src/pages/admin/Customers.tsx(19,30): error TS2307: Cannot find module '@/hooks/useCustomers' or its corresponding type declarations.
apps/admin-cms/src/pages/admin/Customers.tsx(27,8): error TS2307: Cannot find module '@/components/ui/dropdown-menu' or its corresponding type declarations.
apps/admin-cms/src/pages/admin/Customers.tsx(34,8): error TS2307: Cannot find module '@/components/ui/sheet' or its corresponding type declarations.
apps/admin-cms/src/pages/admin/Customers.tsx(35,28): error TS2307: Cannot find module '@/components/ui/scroll-area' or its corresponding type declarations.
apps/admin-cms/src/pages/admin/Customers.tsx(43,8): error TS2307: Cannot find module '@/components/ui/table' or its corresponding type declarations.
apps/admin-cms/src/pages/admin/Customers.tsx(44,40): error TS2307: Cannot find module '@/components/ui/avatar' or its corresponding type declarations.
apps/admin-cms/src/pages/admin/Dashboard.tsx(17,58): error TS2307: Cannot find module '@/components/ui/card' or its corresponding type declarations.
apps/admin-cms/src/pages/admin/Dashboard.tsx(18,24): error TS2307: Cannot find module '@/components/ui/button' or its corresponding type declarations.
apps/admin-cms/src/pages/admin/Dashboard.tsx(19,23): error TS2307: Cannot find module '@/components/ui/input' or its corresponding type declarations.
apps/admin-cms/src/pages/admin/Dashboard.tsx(20,26): error TS2307: Cannot find module '@/components/ui/calendar' or its corresponding type declarations.
apps/admin-cms/src/pages/admin/Dashboard.tsx(25,8): error TS2307: Cannot find module '@/components/ui/popover' or its corresponding type declarations.
apps/admin-cms/src/pages/admin/Dashboard.tsx(26,33): error TS2307: Cannot find module '@/components/auth/PermissionGuard' or its corresponding type declarations.
apps/admin-cms/src/pages/admin/Dashboard.tsx(27,32): error TS2307: Cannot find module '@/constants/permissions' or its corresponding type declarations.
apps/admin-cms/src/pages/admin/Dashboard.tsx(28,29): error TS2307: Cannot find module '@/components/admin/AdminLayout' or its corresponding type declarations.
apps/admin-cms/src/pages/admin/Dashboard.tsx(29,29): error TS2307: Cannot find module '@/utils/format' or its corresponding type declarations.
apps/admin-cms/src/pages/admin/Dashboard.tsx(30,20): error TS2307: Cannot find module '@/lib/utils' or its corresponding type declarations.
apps/admin-cms/src/pages/admin/Dashboard.tsx(54,8): error TS2307: Cannot find module '@/components/ui/table' or its corresponding type declarations.
apps/admin-cms/src/pages/admin/Dashboard.tsx(55,30): error TS2307: Cannot find module '@/hooks/useDashboard' or its corresponding type declarations.
apps/admin-cms/src/pages/admin/Dashboard.tsx(62,8): error TS2307: Cannot find module '@vibe/shared' or its corresponding type declarations.
apps/admin-cms/src/pages/admin/Faqs.tsx(3,75): error TS2307: Cannot find module '@/components/ui/card' or its corresponding type declarations.
apps/admin-cms/src/pages/admin/Faqs.tsx(4,24): error TS2307: Cannot find module '@/components/ui/button' or its corresponding type declarations.
apps/admin-cms/src/pages/admin/Faqs.tsx(5,29): error TS2307: Cannot find module '@/components/admin/AdminLayout' or its corresponding type declarations.
apps/admin-cms/src/pages/admin/Faqs.tsx(6,31): error TS2307: Cannot find module '@/data/mockFaqs' or its corresponding type declarations.
apps/admin-cms/src/pages/admin/Faqs.tsx(15,8): error TS2307: Cannot find module '@/components/ui/table' or its corresponding type declarations.
apps/admin-cms/src/pages/admin/Faqs.tsx(16,23): error TS2307: Cannot find module '@/components/ui/badge' or its corresponding type declarations.
apps/admin-cms/src/pages/admin/Faqs.tsx(24,8): error TS2307: Cannot find module '@/components/ui/dropdown-menu' or its corresponding type declarations.
apps/admin-cms/src/pages/admin/Faqs.tsx(42,31): error TS2307: Cannot find module '@/components/common/ConfirmDialog' or its corresponding type declarations.
apps/admin-cms/src/pages/admin/OrderDetail.tsx(3,42): error TS2307: Cannot find module '@/lib/utils' or its corresponding type declarations.
apps/admin-cms/src/pages/admin/OrderDetail.tsx(29,22): error TS2307: Cannot find module '@/components/ui/card' or its corresponding type declarations.
apps/admin-cms/src/pages/admin/OrderDetail.tsx(30,24): error TS2307: Cannot find module '@/components/ui/button' or its corresponding type declarations.
apps/admin-cms/src/pages/admin/OrderDetail.tsx(31,23): error TS2307: Cannot find module '@/components/ui/input' or its corresponding type declarations.
apps/admin-cms/src/pages/admin/OrderDetail.tsx(32,26): error TS2307: Cannot find module '@/components/ui/textarea' or its corresponding type declarations.
apps/admin-cms/src/pages/admin/OrderDetail.tsx(33,23): error TS2307: Cannot find module '@/components/ui/label' or its corresponding type declarations.
apps/admin-cms/src/pages/admin/OrderDetail.tsx(34,29): error TS2307: Cannot find module '@/components/admin/AdminLayout' or its corresponding type declarations.
apps/admin-cms/src/pages/admin/OrderDetail.tsx(35,48): error TS2307: Cannot find module '@/hooks/useOrders' or its corresponding type declarations.
apps/admin-cms/src/pages/admin/OrderDetail.tsx(36,23): error TS2307: Cannot find module '@/components/ui/badge' or its corresponding type declarations.
apps/admin-cms/src/pages/admin/OrderDetail.tsx(37,28): error TS2307: Cannot find module '@/components/ui/scroll-area' or its corresponding type declarations.
apps/admin-cms/src/pages/admin/OrderDetail.tsx(44,8): error TS2307: Cannot find module '@/components/ui/select' or its corresponding type declarations.
apps/admin-cms/src/pages/admin/OrderDetail.tsx(45,58): error TS2307: Cannot find module '@/components/ui/tabs' or its corresponding type declarations.
apps/admin-cms/src/pages/admin/OrderDetail.tsx(46,27): error TS2307: Cannot find module '@/components/ui/separator' or its corresponding type declarations.
apps/admin-cms/src/pages/admin/OrderDetail.tsx(51,8): error TS2307: Cannot find module '@/components/ui/collapsible' or its corresponding type declarations.
apps/admin-cms/src/pages/admin/OrderDetail.tsx(52,32): error TS2307: Cannot find module '@vibe/shared' or its corresponding type declarations.
apps/admin-cms/src/pages/admin/OrderKanban.tsx(17,29): error TS2307: Cannot find module '@/lib/utils' or its corresponding type declarations.
apps/admin-cms/src/pages/admin/OrderKanban.tsx(65,23): error TS2307: Cannot find module '@/components/ui/badge' or its corresponding type declarations.
apps/admin-cms/src/pages/admin/OrderKanban.tsx(66,28): error TS2307: Cannot find module '@/components/ui/scroll-area' or its corresponding type declarations.
apps/admin-cms/src/pages/admin/OrderKanban.tsx(67,32): error TS2307: Cannot find module '@/hooks/useOrders' or its corresponding type declarations.
apps/admin-cms/src/pages/admin/Orders.tsx(3,29): error TS2307: Cannot find module '@/lib/utils' or its corresponding type declarations.
apps/admin-cms/src/pages/admin/Orders.tsx(18,75): error TS2307: Cannot find module '@/components/ui/card' or its corresponding type declarations.
apps/admin-cms/src/pages/admin/Orders.tsx(19,24): error TS2307: Cannot find module '@/components/ui/button' or its corresponding type declarations.
apps/admin-cms/src/pages/admin/Orders.tsx(20,23): error TS2307: Cannot find module '@/components/ui/input' or its corresponding type declarations.
apps/admin-cms/src/pages/admin/Orders.tsx(21,29): error TS2307: Cannot find module '@/components/admin/AdminLayout' or its corresponding type declarations.
apps/admin-cms/src/pages/admin/Orders.tsx(22,43): error TS2307: Cannot find module '@/hooks/useOrders' or its corresponding type declarations.
apps/admin-cms/src/pages/admin/Orders.tsx(29,8): error TS2307: Cannot find module '@/components/ui/dropdown-menu' or its corresponding type declarations.
apps/admin-cms/src/pages/admin/Orders.tsx(37,8): error TS2307: Cannot find module '@/components/ui/table' or its corresponding type declarations.
apps/admin-cms/src/pages/admin/Orders.tsx(38,23): error TS2307: Cannot find module '@/components/ui/badge' or its corresponding type declarations.
apps/admin-cms/src/pages/admin/Orders.tsx(40,49): error TS2307: Cannot find module '@/components/admin/orders/OrderFilters' or its corresponding type declarations.
apps/admin-cms/src/pages/admin/Orders.tsx(41,35): error TS2307: Cannot find module '@vibe/shared' or its corresponding type declarations.
apps/admin-cms/src/pages/admin/Pages.tsx(12,75): error TS2307: Cannot find module '@/components/ui/card' or its corresponding type declarations.
apps/admin-cms/src/pages/admin/Pages.tsx(13,24): error TS2307: Cannot find module '@/components/ui/button' or its corresponding type declarations.
apps/admin-cms/src/pages/admin/Pages.tsx(14,23): error TS2307: Cannot find module '@/components/ui/input' or its corresponding type declarations.
apps/admin-cms/src/pages/admin/Pages.tsx(15,29): error TS2307: Cannot find module '@/components/admin/AdminLayout' or its corresponding type declarations.
apps/admin-cms/src/pages/admin/Pages.tsx(16,33): error TS2307: Cannot find module '@/data/mockPages' or its corresponding type declarations.
apps/admin-cms/src/pages/admin/Pages.tsx(24,8): error TS2307: Cannot find module '@/components/ui/dropdown-menu' or its corresponding type declarations.
apps/admin-cms/src/pages/admin/Pages.tsx(32,8): error TS2307: Cannot find module '@/components/ui/table' or its corresponding type declarations.
apps/admin-cms/src/pages/admin/Pages.tsx(33,23): error TS2307: Cannot find module '@/components/ui/badge' or its corresponding type declarations.
apps/admin-cms/src/pages/admin/Pages.tsx(52,31): error TS2307: Cannot find module '@/components/common/ConfirmDialog' or its corresponding type declarations.
apps/admin-cms/src/pages/admin/Popups.tsx(10,75): error TS2307: Cannot find module '@/components/ui/card' or its corresponding type declarations.
apps/admin-cms/src/pages/admin/Popups.tsx(11,24): error TS2307: Cannot find module '@/components/ui/button' or its corresponding type declarations.
apps/admin-cms/src/pages/admin/Popups.tsx(12,29): error TS2307: Cannot find module '@/components/admin/AdminLayout' or its corresponding type declarations.
apps/admin-cms/src/pages/admin/Popups.tsx(13,43): error TS2307: Cannot find module '@/hooks/usePopups' or its corresponding type declarations.
apps/admin-cms/src/pages/admin/Popups.tsx(14,23): error TS2307: Cannot find module '@/types/popup' or its corresponding type declarations.
apps/admin-cms/src/pages/admin/Popups.tsx(16,29): error TS2307: Cannot find module '@/lib/utils' or its corresponding type declarations.
apps/admin-cms/src/pages/admin/Popups.tsx(24,8): error TS2307: Cannot find module '@/components/ui/table' or its corresponding type declarations.
apps/admin-cms/src/pages/admin/Popups.tsx(25,23): error TS2307: Cannot find module '@/components/ui/badge' or its corresponding type declarations.
apps/admin-cms/src/pages/admin/Popups.tsx(33,8): error TS2307: Cannot find module '@/components/ui/dropdown-menu' or its corresponding type declarations.
apps/admin-cms/src/pages/admin/Popups.tsx(34,31): error TS2307: Cannot find module '@/components/common/ConfirmDialog' or its corresponding type declarations.
apps/admin-cms/src/pages/admin/Products.tsx(5,58): error TS2307: Cannot find module '@/components/ui/card' or its corresponding type declarations.
apps/admin-cms/src/pages/admin/Products.tsx(6,24): error TS2307: Cannot find module '@/components/ui/button' or its corresponding type declarations.
apps/admin-cms/src/pages/admin/Products.tsx(7,23): error TS2307: Cannot find module '@/components/ui/input' or its corresponding type declarations.
apps/admin-cms/src/pages/admin/Products.tsx(8,29): error TS2307: Cannot find module '@/components/admin/AdminLayout' or its corresponding type declarations.
apps/admin-cms/src/pages/admin/Products.tsx(16,8): error TS2307: Cannot find module '@/components/ui/table' or its corresponding type declarations.
apps/admin-cms/src/pages/admin/Products.tsx(24,8): error TS2307: Cannot find module '@/components/ui/select' or its corresponding type declarations.
apps/admin-cms/src/pages/admin/Products.tsx(26,23): error TS2307: Cannot find module '@/components/ui/badge' or its corresponding type declarations.
apps/admin-cms/src/pages/admin/Products.tsx(29,70): error TS2307: Cannot find module '@/hooks/useProducts' or its corresponding type declarations.
apps/admin-cms/src/pages/admin/Products.tsx(30,31): error TS2307: Cannot find module '@/hooks/useCategories' or its corresponding type declarations.
apps/admin-cms/src/pages/admin/Products.tsx(31,28): error TS2307: Cannot find module '@/api/product' or its corresponding type declarations.
apps/admin-cms/src/pages/admin/Products.tsx(33,29): error TS2307: Cannot find module '@/lib/utils' or its corresponding type declarations.
apps/admin-cms/src/pages/admin/Products.tsx(34,31): error TS2307: Cannot find module '@/components/common/ConfirmDialog' or its corresponding type declarations.
apps/admin-cms/src/pages/admin/Products.tsx(35,57): error TS2307: Cannot find module '@/components/ui/popover' or its corresponding type declarations.
apps/admin-cms/src/pages/admin/Products.tsx(43,8): error TS2307: Cannot find module '@/components/ui/command' or its corresponding type declarations.
apps/admin-cms/src/pages/admin/Products.tsx(45,20): error TS2307: Cannot find module '@/lib/utils' or its corresponding type declarations.
apps/admin-cms/src/pages/admin/Products.tsx(46,53): error TS2307: Cannot find module '@/components/admin/products/ProductFilters' or its corresponding type declarations.
apps/admin-cms/src/pages/admin/Products.tsx(47,37): error TS2307: Cannot find module '@vibe/shared' or its corresponding type declarations.
apps/admin-cms/src/pages/admin/Products.tsx(48,24): error TS2307: Cannot find module '@/components/ui/slider' or its corresponding type declarations.
apps/admin-cms/src/pages/admin/Profile.tsx(5,29): error TS2307: Cannot find module '@/components/admin/AdminLayout' or its corresponding type declarations.
apps/admin-cms/src/pages/admin/Profile.tsx(6,24): error TS2307: Cannot find module '@/components/ui/button' or its corresponding type declarations.
apps/admin-cms/src/pages/admin/Profile.tsx(7,75): error TS2307: Cannot find module '@/components/ui/card' or its corresponding type declarations.
apps/admin-cms/src/pages/admin/Profile.tsx(15,8): error TS2307: Cannot find module '@/components/ui/form' or its corresponding type declarations.
apps/admin-cms/src/pages/admin/Profile.tsx(16,23): error TS2307: Cannot find module '@/components/ui/input' or its corresponding type declarations.
apps/admin-cms/src/pages/admin/Profile.tsx(17,26): error TS2307: Cannot find module '@/components/ui/textarea' or its corresponding type declarations.
apps/admin-cms/src/pages/admin/Profile.tsx(18,27): error TS2307: Cannot find module '@/components/ui/separator' or its corresponding type declarations.
apps/admin-cms/src/pages/admin/Profile.tsx(19,53): error TS2307: Cannot find module '@/components/ui/avatar' or its corresponding type declarations.
apps/admin-cms/src/pages/admin/Profile.tsx(21,30): error TS2307: Cannot find module '@/store/useUserStore' or its corresponding type declarations.
apps/admin-cms/src/pages/admin/Profile.tsx(31,23): error TS2307: Cannot find module '@/components/ui/badge' or its corresponding type declarations.
apps/admin-cms/src/pages/admin/Profile.tsx(39,8): error TS2307: Cannot find module '@/components/ui/dialog' or its corresponding type declarations.
apps/admin-cms/src/pages/admin/Profile.tsx(41,25): error TS2307: Cannot find module '@/api/auth' or its corresponding type declarations.
apps/admin-cms/src/pages/admin/Profile.tsx(42,25): error TS2307: Cannot find module '@/api/user' or its corresponding type declarations.
apps/admin-cms/src/pages/admin/Profile.tsx(43,49): error TS2307: Cannot find module '@/types/user' or its corresponding type declarations.
apps/admin-cms/src/pages/admin/Profile.tsx(44,29): error TS2307: Cannot find module '@/lib/utils' or its corresponding type declarations.
apps/admin-cms/src/pages/admin/Roles.tsx(3,75): error TS2307: Cannot find module '@/components/ui/card' or its corresponding type declarations.
apps/admin-cms/src/pages/admin/Roles.tsx(4,24): error TS2307: Cannot find module '@/components/ui/button' or its corresponding type declarations.
apps/admin-cms/src/pages/admin/Roles.tsx(5,23): error TS2307: Cannot find module '@/components/ui/input' or its corresponding type declarations.
apps/admin-cms/src/pages/admin/Roles.tsx(6,29): error TS2307: Cannot find module '@/components/admin/AdminLayout' or its corresponding type declarations.
apps/admin-cms/src/pages/admin/Roles.tsx(7,41): error TS2307: Cannot find module '@/hooks/useRoles' or its corresponding type declarations.
apps/admin-cms/src/pages/admin/Roles.tsx(14,8): error TS2307: Cannot find module '@/components/ui/dropdown-menu' or its corresponding type declarations.
apps/admin-cms/src/pages/admin/Roles.tsx(22,8): error TS2307: Cannot find module '@/components/ui/table' or its corresponding type declarations.
apps/admin-cms/src/pages/admin/Roles.tsx(24,31): error TS2307: Cannot find module '@/components/common/ConfirmDialog' or its corresponding type declarations.
apps/admin-cms/src/pages/admin/SeoManagement.tsx(8,24): error TS2307: Cannot find module '@/components/ui/button' or its corresponding type declarations.
apps/admin-cms/src/pages/admin/SeoManagement.tsx(9,23): error TS2307: Cannot find module '@/components/ui/input' or its corresponding type declarations.
apps/admin-cms/src/pages/admin/SeoManagement.tsx(17,8): error TS2307: Cannot find module '@/components/ui/table' or its corresponding type declarations.
apps/admin-cms/src/pages/admin/SeoManagement.tsx(25,8): error TS2307: Cannot find module '@/components/ui/dialog' or its corresponding type declarations.
apps/admin-cms/src/pages/admin/SeoManagement.tsx(34,8): error TS2307: Cannot find module '@/components/ui/form' or its corresponding type declarations.
apps/admin-cms/src/pages/admin/SeoManagement.tsx(35,26): error TS2307: Cannot find module '@/components/ui/textarea' or its corresponding type declarations.
apps/admin-cms/src/pages/admin/SeoManagement.tsx(36,23): error TS2307: Cannot find module '@/components/ui/badge' or its corresponding type declarations.
apps/admin-cms/src/pages/admin/SeoManagement.tsx(37,75): error TS2307: Cannot find module '@/components/ui/card' or its corresponding type declarations.
apps/admin-cms/src/pages/admin/SeoManagement.tsx(38,26): error TS2307: Cannot find module '@/hooks/use-toast' or its corresponding type declarations.
apps/admin-cms/src/pages/admin/SeoManagement.tsx(39,29): error TS2307: Cannot find module '@/components/common/ImageUpload' or its corresponding type declarations.
apps/admin-cms/src/pages/admin/SeoManagement.tsx(40,29): error TS2307: Cannot find module '@/components/admin/AdminLayout' or its corresponding type declarations.
apps/admin-cms/src/pages/admin/Settings.tsx(3,75): error TS2307: Cannot find module '@/components/ui/card' or its corresponding type declarations.
apps/admin-cms/src/pages/admin/Settings.tsx(4,24): error TS2307: Cannot find module '@/components/ui/button' or its corresponding type declarations.
apps/admin-cms/src/pages/admin/Settings.tsx(5,23): error TS2307: Cannot find module '@/components/ui/input' or its corresponding type declarations.
apps/admin-cms/src/pages/admin/Settings.tsx(6,26): error TS2307: Cannot find module '@/components/ui/textarea' or its corresponding type declarations.
apps/admin-cms/src/pages/admin/Settings.tsx(7,29): error TS2307: Cannot find module '@/components/admin/AdminLayout' or its corresponding type declarations.
apps/admin-cms/src/pages/admin/Settings.tsx(8,30): error TS2307: Cannot find module '@/data/mockSettings' or its corresponding type declarations.
apps/admin-cms/src/pages/admin/Settings.tsx(10,58): error TS2307: Cannot find module '@/components/ui/tabs' or its corresponding type declarations.
apps/admin-cms/src/pages/admin/Settings.tsx(11,23): error TS2307: Cannot find module '@/components/ui/label' or its corresponding type declarations.
apps/admin-cms/src/pages/admin/Settings.tsx(12,29): error TS2307: Cannot find module '@/components/common/ImageUpload' or its corresponding type declarations.
apps/admin-cms/src/pages/admin/Settings.tsx(16,37): error TS2307: Cannot find module '@/components/admin/SliderSettingsInput' or its corresponding type declarations.
apps/admin-cms/src/pages/admin/Settings.tsx(17,33): error TS2307: Cannot find module '@/services/settings.service' or its corresponding type declarations.
apps/admin-cms/src/pages/admin/Settings.tsx(18,31): error TS2307: Cannot find module '@/services/upload.service' or its corresponding type declarations.
apps/admin-cms/src/pages/admin/Tags.tsx(3,23): error TS2307: Cannot find module '@/components/ui/label' or its corresponding type declarations.
apps/admin-cms/src/pages/admin/Tags.tsx(4,75): error TS2307: Cannot find module '@/components/ui/card' or its corresponding type declarations.
apps/admin-cms/src/pages/admin/Tags.tsx(5,24): error TS2307: Cannot find module '@/components/ui/button' or its corresponding type declarations.
apps/admin-cms/src/pages/admin/Tags.tsx(6,23): error TS2307: Cannot find module '@/components/ui/input' or its corresponding type declarations.
apps/admin-cms/src/pages/admin/Tags.tsx(7,29): error TS2307: Cannot find module '@/components/admin/AdminLayout' or its corresponding type declarations.
apps/admin-cms/src/pages/admin/Tags.tsx(9,34): error TS2307: Cannot find module '@/lib/utils' or its corresponding type declarations.
apps/admin-cms/src/pages/admin/Tags.tsx(10,31): error TS2307: Cannot find module '@/components/common/ConfirmDialog' or its corresponding type declarations.
apps/admin-cms/src/pages/admin/Tags.tsx(11,28): error TS2307: Cannot find module '@/components/ui/scroll-area' or its corresponding type declarations.
apps/admin-cms/src/pages/admin/Tags.tsx(12,67): error TS2307: Cannot find module '@/hooks/useTags' or its corresponding type declarations.
apps/admin-cms/src/pages/admin/Tags.tsx(13,21): error TS2307: Cannot find module '@/types/tag' or its corresponding type declarations.
apps/admin-cms/src/pages/admin/Tags.tsx(14,70): error TS2307: Cannot find module '@/components/ui/resizable' or its corresponding type declarations.
apps/admin-cms/src/pages/admin/Topics.tsx(12,23): error TS2307: Cannot find module '@/components/ui/label' or its corresponding type declarations.
apps/admin-cms/src/pages/admin/Topics.tsx(13,26): error TS2307: Cannot find module '@/components/ui/textarea' or its corresponding type declarations.
apps/admin-cms/src/pages/admin/Topics.tsx(14,75): error TS2307: Cannot find module '@/components/ui/card' or its corresponding type declarations.
apps/admin-cms/src/pages/admin/Topics.tsx(15,24): error TS2307: Cannot find module '@/components/ui/button' or its corresponding type declarations.
apps/admin-cms/src/pages/admin/Topics.tsx(16,23): error TS2307: Cannot find module '@/components/ui/input' or its corresponding type declarations.
apps/admin-cms/src/pages/admin/Topics.tsx(17,29): error TS2307: Cannot find module '@/components/admin/AdminLayout' or its corresponding type declarations.
apps/admin-cms/src/pages/admin/Topics.tsx(18,23): error TS2307: Cannot find module '@/types/topic' or its corresponding type declarations.
apps/admin-cms/src/pages/admin/Topics.tsx(19,78): error TS2307: Cannot find module '@/hooks/useTopics' or its corresponding type declarations.
apps/admin-cms/src/pages/admin/Topics.tsx(20,31): error TS2307: Cannot find module '@/components/common/ConfirmDialog' or its corresponding type declarations.
apps/admin-cms/src/pages/admin/Topics.tsx(27,8): error TS2307: Cannot find module '@/components/ui/dropdown-menu' or its corresponding type declarations.
apps/admin-cms/src/pages/admin/Topics.tsx(28,58): error TS2307: Cannot find module '@/components/ui/tabs' or its corresponding type declarations.
apps/admin-cms/src/pages/admin/Topics.tsx(29,70): error TS2307: Cannot find module '@/components/ui/resizable' or its corresponding type declarations.
apps/admin-cms/src/pages/admin/Topics.tsx(30,24): error TS2307: Cannot find module '@/components/ui/switch' or its corresponding type declarations.
apps/admin-cms/src/pages/admin/Topics.tsx(37,8): error TS2307: Cannot find module '@/components/ui/select' or its corresponding type declarations.
apps/admin-cms/src/pages/admin/Topics.tsx(39,20): error TS2307: Cannot find module '@/lib/utils' or its corresponding type declarations.
apps/admin-cms/src/pages/admin/Topics.tsx(40,28): error TS2307: Cannot find module '@/components/ui/rich-text-editor' or its corresponding type declarations.
apps/admin-cms/src/pages/admin/Users.tsx(3,75): error TS2307: Cannot find module '@/components/ui/card' or its corresponding type declarations.
apps/admin-cms/src/pages/admin/Users.tsx(4,24): error TS2307: Cannot find module '@/components/ui/button' or its corresponding type declarations.
apps/admin-cms/src/pages/admin/Users.tsx(5,23): error TS2307: Cannot find module '@/components/ui/input' or its corresponding type declarations.
apps/admin-cms/src/pages/admin/Users.tsx(6,29): error TS2307: Cannot find module '@/components/admin/AdminLayout' or its corresponding type declarations.
apps/admin-cms/src/pages/admin/Users.tsx(7,26): error TS2307: Cannot find module '@/hooks/useUsers' or its corresponding type declarations.
apps/admin-cms/src/pages/admin/Users.tsx(15,8): error TS2307: Cannot find module '@/components/ui/dropdown-menu' or its corresponding type declarations.
apps/admin-cms/src/pages/admin/Users.tsx(23,8): error TS2307: Cannot find module '@/components/ui/table' or its corresponding type declarations.
apps/admin-cms/src/pages/admin/Users.tsx(24,23): error TS2307: Cannot find module '@/components/ui/badge' or its corresponding type declarations.
apps/admin-cms/src/pages/admin/Users.tsx(26,53): error TS2307: Cannot find module '@/components/ui/avatar' or its corresponding type declarations.
apps/admin-cms/src/pages/admin/Users.tsx(27,31): error TS2307: Cannot find module '@/components/common/ConfirmDialog' or its corresponding type declarations.
apps/admin-cms/src/pages/admin/Users.tsx(28,25): error TS2307: Cannot find module '@/api/user' or its corresponding type declarations.
apps/admin-cms/src/pages/admin/Users.tsx(30,29): error TS2307: Cannot find module '@/lib/utils' or its corresponding type declarations.
apps/admin-cms/src/pages/admin/Webhooks.tsx(4,24): error TS2307: Cannot find module '@/components/ui/button' or its corresponding type declarations.
apps/admin-cms/src/pages/admin/Webhooks.tsx(5,75): error TS2307: Cannot find module '@/components/ui/card' or its corresponding type declarations.
apps/admin-cms/src/pages/admin/Webhooks.tsx(13,8): error TS2307: Cannot find module '@/components/ui/table' or its corresponding type declarations.
apps/admin-cms/src/pages/admin/Webhooks.tsx(14,23): error TS2307: Cannot find module '@/components/ui/badge' or its corresponding type declarations.
apps/admin-cms/src/pages/admin/Webhooks.tsx(21,8): error TS2307: Cannot find module '@/components/ui/sheet' or its corresponding type declarations.
apps/admin-cms/src/pages/admin/Webhooks.tsx(22,24): error TS2307: Cannot find module '@/components/ui/switch' or its corresponding type declarations.
apps/admin-cms/src/pages/admin/Webhooks.tsx(24,32): error TS2307: Cannot find module '@/services/webhook.service' or its corresponding type declarations.
apps/admin-cms/src/pages/admin/Webhooks.tsx(26,29): error TS2307: Cannot find module '@/components/admin/AdminLayout' or its corresponding type declarations.
apps/admin-cms/src/pages/admin/Webhooks.tsx(27,28): error TS2307: Cannot find module '@/docs/api-types' or its corresponding type declarations.
apps/admin-cms/src/pages/admin/Webhooks.tsx(28,30): error TS2307: Cannot find module '@/store/useUserStore' or its corresponding type declarations.
apps/admin-cms/src/pages/admin/Webhooks.tsx(29,32): error TS2307: Cannot find module '@/constants/permissions' or its corresponding type declarations.
apps/admin-cms/src/pages/admin/Webhooks.tsx(173,29): error TS2339: Property 'length' does not exist on type 'unknown'.
apps/admin-cms/src/pages/admin/Webhooks.tsx(180,27): error TS2339: Property 'map' does not exist on type 'unknown'.
apps/admin-cms/src/pages/auth/Login.tsx(5,24): error TS2307: Cannot find module '@/components/ui/button' or its corresponding type declarations.
apps/admin-cms/src/pages/auth/Login.tsx(6,23): error TS2307: Cannot find module '@/components/ui/input' or its corresponding type declarations.
apps/admin-cms/src/pages/auth/Login.tsx(7,23): error TS2307: Cannot find module '@/components/ui/label' or its corresponding type declarations.
apps/admin-cms/src/pages/auth/Login.tsx(8,27): error TS2307: Cannot find module '@/components/ui/separator' or its corresponding type declarations.
apps/admin-cms/src/pages/auth/Login.tsx(9,25): error TS2307: Cannot find module '@/hooks/useAuth' or its corresponding type declarations.
apps/admin-cms/src/pages/auth/Login.tsx(10,33): error TS2307: Cannot find module '@/hooks/useShopSettings' or its corresponding type declarations.
apps/admin-cms/src/pages/auth/Login.tsx(11,29): error TS2307: Cannot find module '@/lib/utils' or its corresponding type declarations.
apps/admin-cms/src/pages/auth/Register.tsx(5,24): error TS2307: Cannot find module '@/components/ui/button' or its corresponding type declarations.
apps/admin-cms/src/pages/auth/Register.tsx(6,23): error TS2307: Cannot find module '@/components/ui/input' or its corresponding type declarations.
apps/admin-cms/src/pages/auth/Register.tsx(7,23): error TS2307: Cannot find module '@/components/ui/label' or its corresponding type declarations.
apps/admin-cms/src/pages/auth/Register.tsx(8,25): error TS2307: Cannot find module '@/hooks/useAuth' or its corresponding type declarations.
apps/admin-cms/src/pages/auth/Register.tsx(9,33): error TS2307: Cannot find module '@/hooks/useShopSettings' or its corresponding type declarations.
apps/admin-cms/src/pages/auth/Register.tsx(10,29): error TS2307: Cannot find module '@/lib/utils' or its corresponding type declarations.
apps/admin-cms/src/pages/email-marketing/EmCampaignDetail.tsx(3,29): error TS2307: Cannot find module '@/components/admin/AdminLayout' or its corresponding type declarations.
apps/admin-cms/src/pages/email-marketing/EmCampaignDetail.tsx(4,75): error TS2307: Cannot find module '@/components/ui/card' or its corresponding type declarations.
apps/admin-cms/src/pages/email-marketing/EmCampaignDetail.tsx(5,24): error TS2307: Cannot find module '@/components/ui/button' or its corresponding type declarations.
apps/admin-cms/src/pages/email-marketing/EmCampaignDetail.tsx(6,23): error TS2307: Cannot find module '@/components/ui/input' or its corresponding type declarations.
apps/admin-cms/src/pages/email-marketing/EmCampaignDetail.tsx(7,23): error TS2307: Cannot find module '@/components/ui/label' or its corresponding type declarations.
apps/admin-cms/src/pages/email-marketing/EmCampaignDetail.tsx(8,23): error TS2307: Cannot find module '@/components/ui/badge' or its corresponding type declarations.
apps/admin-cms/src/pages/email-marketing/EmCampaignDetail.tsx(16,8): error TS2307: Cannot find module '@/components/ui/table' or its corresponding type declarations.
apps/admin-cms/src/pages/email-marketing/EmCampaignDetail.tsx(24,8): error TS2307: Cannot find module '@/components/ui/pagination' or its corresponding type declarations.
apps/admin-cms/src/pages/email-marketing/EmCampaignDetail.tsx(32,8): error TS2307: Cannot find module '@/components/ui/dialog' or its corresponding type declarations.
apps/admin-cms/src/pages/email-marketing/EmCampaignDetail.tsx(39,8): error TS2307: Cannot find module '@/components/ui/select' or its corresponding type declarations.
apps/admin-cms/src/pages/email-marketing/EmCampaignDetail.tsx(40,26): error TS2307: Cannot find module '@/components/ui/skeleton' or its corresponding type declarations.
apps/admin-cms/src/pages/email-marketing/EmCampaignDetail.tsx(48,8): error TS2307: Cannot find module '@/hooks/useEmailMarketing' or its corresponding type declarations.
apps/admin-cms/src/pages/email-marketing/EmCampaignDetail.tsx(66,31): error TS2307: Cannot find module '@/components/common/ConfirmDialog' or its corresponding type declarations.
apps/admin-cms/src/pages/email-marketing/EmCampaignForm.tsx(3,29): error TS2307: Cannot find module '@/components/admin/AdminLayout' or its corresponding type declarations.
apps/admin-cms/src/pages/email-marketing/EmCampaignForm.tsx(4,75): error TS2307: Cannot find module '@/components/ui/card' or its corresponding type declarations.
apps/admin-cms/src/pages/email-marketing/EmCampaignForm.tsx(5,24): error TS2307: Cannot find module '@/components/ui/button' or its corresponding type declarations.
apps/admin-cms/src/pages/email-marketing/EmCampaignForm.tsx(6,23): error TS2307: Cannot find module '@/components/ui/input' or its corresponding type declarations.
apps/admin-cms/src/pages/email-marketing/EmCampaignForm.tsx(7,23): error TS2307: Cannot find module '@/components/ui/label' or its corresponding type declarations.
apps/admin-cms/src/pages/email-marketing/EmCampaignForm.tsx(14,8): error TS2307: Cannot find module '@/components/ui/select' or its corresponding type declarations.
apps/admin-cms/src/pages/email-marketing/EmCampaignForm.tsx(15,23): error TS2307: Cannot find module '@/components/ui/badge' or its corresponding type declarations.
apps/admin-cms/src/pages/email-marketing/EmCampaignForm.tsx(16,26): error TS2307: Cannot find module '@/components/ui/checkbox' or its corresponding type declarations.
apps/admin-cms/src/pages/email-marketing/EmCampaignForm.tsx(17,26): error TS2307: Cannot find module '@/components/ui/skeleton' or its corresponding type declarations.
apps/admin-cms/src/pages/email-marketing/EmCampaignForm.tsx(18,68): error TS2307: Cannot find module '@/hooks/useEmailMarketing' or its corresponding type declarations.
apps/admin-cms/src/pages/email-marketing/EmCampaigns.tsx(2,29): error TS2307: Cannot find module '@/components/admin/AdminLayout' or its corresponding type declarations.
apps/admin-cms/src/pages/email-marketing/EmCampaigns.tsx(3,75): error TS2307: Cannot find module '@/components/ui/card' or its corresponding type declarations.
apps/admin-cms/src/pages/email-marketing/EmCampaigns.tsx(4,24): error TS2307: Cannot find module '@/components/ui/button' or its corresponding type declarations.
apps/admin-cms/src/pages/email-marketing/EmCampaigns.tsx(5,23): error TS2307: Cannot find module '@/components/ui/badge' or its corresponding type declarations.
apps/admin-cms/src/pages/email-marketing/EmCampaigns.tsx(13,8): error TS2307: Cannot find module '@/components/ui/table' or its corresponding type declarations.
apps/admin-cms/src/pages/email-marketing/EmCampaigns.tsx(14,45): error TS2307: Cannot find module '@/components/ui/tabs' or its corresponding type declarations.
apps/admin-cms/src/pages/email-marketing/EmCampaigns.tsx(22,8): error TS2307: Cannot find module '@/components/ui/pagination' or its corresponding type declarations.
apps/admin-cms/src/pages/email-marketing/EmCampaigns.tsx(23,26): error TS2307: Cannot find module '@/components/ui/skeleton' or its corresponding type declarations.
apps/admin-cms/src/pages/email-marketing/EmCampaigns.tsx(24,53): error TS2307: Cannot find module '@/hooks/useEmailMarketing' or its corresponding type declarations.
apps/admin-cms/src/pages/email-marketing/EmCampaigns.tsx(27,31): error TS2307: Cannot find module '@/components/common/ConfirmDialog' or its corresponding type declarations.
apps/admin-cms/src/pages/email-marketing/EmContacts.tsx(2,29): error TS2307: Cannot find module '@/components/admin/AdminLayout' or its corresponding type declarations.
apps/admin-cms/src/pages/email-marketing/EmContacts.tsx(3,75): error TS2307: Cannot find module '@/components/ui/card' or its corresponding type declarations.
apps/admin-cms/src/pages/email-marketing/EmContacts.tsx(4,24): error TS2307: Cannot find module '@/components/ui/button' or its corresponding type declarations.
apps/admin-cms/src/pages/email-marketing/EmContacts.tsx(5,23): error TS2307: Cannot find module '@/components/ui/input' or its corresponding type declarations.
apps/admin-cms/src/pages/email-marketing/EmContacts.tsx(6,23): error TS2307: Cannot find module '@/components/ui/label' or its corresponding type declarations.
apps/admin-cms/src/pages/email-marketing/EmContacts.tsx(7,23): error TS2307: Cannot find module '@/components/ui/badge' or its corresponding type declarations.
apps/admin-cms/src/pages/email-marketing/EmContacts.tsx(15,8): error TS2307: Cannot find module '@/components/ui/table' or its corresponding type declarations.
apps/admin-cms/src/pages/email-marketing/EmContacts.tsx(22,8): error TS2307: Cannot find module '@/components/ui/sheet' or its corresponding type declarations.
apps/admin-cms/src/pages/email-marketing/EmContacts.tsx(30,8): error TS2307: Cannot find module '@/components/ui/dialog' or its corresponding type declarations.
apps/admin-cms/src/pages/email-marketing/EmContacts.tsx(37,8): error TS2307: Cannot find module '@/components/ui/select' or its corresponding type declarations.
apps/admin-cms/src/pages/email-marketing/EmContacts.tsx(45,8): error TS2307: Cannot find module '@/components/ui/pagination' or its corresponding type declarations.
apps/admin-cms/src/pages/email-marketing/EmContacts.tsx(46,24): error TS2307: Cannot find module '@/components/ui/switch' or its corresponding type declarations.
apps/admin-cms/src/pages/email-marketing/EmContacts.tsx(47,26): error TS2307: Cannot find module '@/components/ui/skeleton' or its corresponding type declarations.
apps/admin-cms/src/pages/email-marketing/EmContacts.tsx(55,8): error TS2307: Cannot find module '@/hooks/useEmailMarketing' or its corresponding type declarations.
apps/admin-cms/src/pages/email-marketing/EmContacts.tsx(56,61): error TS2307: Cannot find module '@vibe/shared' or its corresponding type declarations.
apps/admin-cms/src/pages/email-marketing/EmContacts.tsx(59,31): error TS2307: Cannot find module '@/components/common/ConfirmDialog' or its corresponding type declarations.
apps/admin-cms/src/pages/email-marketing/EmDashboard.tsx(1,29): error TS2307: Cannot find module '@/components/admin/AdminLayout' or its corresponding type declarations.
apps/admin-cms/src/pages/email-marketing/EmDashboard.tsx(2,75): error TS2307: Cannot find module '@/components/ui/card' or its corresponding type declarations.
apps/admin-cms/src/pages/email-marketing/EmDashboard.tsx(3,24): error TS2307: Cannot find module '@/components/ui/button' or its corresponding type declarations.
apps/admin-cms/src/pages/email-marketing/EmDashboard.tsx(4,23): error TS2307: Cannot find module '@/components/ui/badge' or its corresponding type declarations.
apps/admin-cms/src/pages/email-marketing/EmDashboard.tsx(12,8): error TS2307: Cannot find module '@/components/ui/table' or its corresponding type declarations.
apps/admin-cms/src/pages/email-marketing/EmDashboard.tsx(18,8): error TS2307: Cannot find module '@/hooks/useEmailMarketing' or its corresponding type declarations.
apps/admin-cms/src/pages/email-marketing/EmDashboard.tsx(21,26): error TS2307: Cannot find module '@/components/ui/skeleton' or its corresponding type declarations.
apps/admin-cms/src/pages/email-marketing/EmSegmentDetail.tsx(3,29): error TS2307: Cannot find module '@/components/admin/AdminLayout' or its corresponding type declarations.
apps/admin-cms/src/pages/email-marketing/EmSegmentDetail.tsx(4,75): error TS2307: Cannot find module '@/components/ui/card' or its corresponding type declarations.
apps/admin-cms/src/pages/email-marketing/EmSegmentDetail.tsx(5,24): error TS2307: Cannot find module '@/components/ui/button' or its corresponding type declarations.
apps/admin-cms/src/pages/email-marketing/EmSegmentDetail.tsx(6,23): error TS2307: Cannot find module '@/components/ui/badge' or its corresponding type declarations.
apps/admin-cms/src/pages/email-marketing/EmSegmentDetail.tsx(7,26): error TS2307: Cannot find module '@/components/ui/checkbox' or its corresponding type declarations.
apps/admin-cms/src/pages/email-marketing/EmSegmentDetail.tsx(8,23): error TS2307: Cannot find module '@/components/ui/input' or its corresponding type declarations.
apps/admin-cms/src/pages/email-marketing/EmSegmentDetail.tsx(9,23): error TS2307: Cannot find module '@/components/ui/label' or its corresponding type declarations.
apps/admin-cms/src/pages/email-marketing/EmSegmentDetail.tsx(17,8): error TS2307: Cannot find module '@/components/ui/table' or its corresponding type declarations.
apps/admin-cms/src/pages/email-marketing/EmSegmentDetail.tsx(25,8): error TS2307: Cannot find module '@/components/ui/pagination' or its corresponding type declarations.
apps/admin-cms/src/pages/email-marketing/EmSegmentDetail.tsx(33,8): error TS2307: Cannot find module '@/components/ui/dialog' or its corresponding type declarations.
apps/admin-cms/src/pages/email-marketing/EmSegmentDetail.tsx(34,26): error TS2307: Cannot find module '@/components/ui/skeleton' or its corresponding type declarations.
apps/admin-cms/src/pages/email-marketing/EmSegmentDetail.tsx(40,8): error TS2307: Cannot find module '@/hooks/useEmailMarketing' or its corresponding type declarations.
apps/admin-cms/src/pages/email-marketing/EmSegmentDetail.tsx(42,53): error TS2307: Cannot find module '@/components/ui/avatar' or its corresponding type declarations.
apps/admin-cms/src/pages/email-marketing/EmSegmentDetail.tsx(43,20): error TS2307: Cannot find module '@/lib/utils' or its corresponding type declarations.
apps/admin-cms/src/pages/email-marketing/EmSegmentDetail.tsx(45,31): error TS2307: Cannot find module '@/components/common/ConfirmDialog' or its corresponding type declarations.
apps/admin-cms/src/pages/email-marketing/EmSegments.tsx(2,29): error TS2307: Cannot find module '@/components/admin/AdminLayout' or its corresponding type declarations.
apps/admin-cms/src/pages/email-marketing/EmSegments.tsx(3,75): error TS2307: Cannot find module '@/components/ui/card' or its corresponding type declarations.
apps/admin-cms/src/pages/email-marketing/EmSegments.tsx(4,24): error TS2307: Cannot find module '@/components/ui/button' or its corresponding type declarations.
apps/admin-cms/src/pages/email-marketing/EmSegments.tsx(5,23): error TS2307: Cannot find module '@/components/ui/input' or its corresponding type declarations.
apps/admin-cms/src/pages/email-marketing/EmSegments.tsx(6,23): error TS2307: Cannot find module '@/components/ui/label' or its corresponding type declarations.
apps/admin-cms/src/pages/email-marketing/EmSegments.tsx(7,23): error TS2307: Cannot find module '@/components/ui/badge' or its corresponding type declarations.
apps/admin-cms/src/pages/email-marketing/EmSegments.tsx(8,26): error TS2307: Cannot find module '@/components/ui/textarea' or its corresponding type declarations.
apps/admin-cms/src/pages/email-marketing/EmSegments.tsx(16,8): error TS2307: Cannot find module '@/components/ui/table' or its corresponding type declarations.
apps/admin-cms/src/pages/email-marketing/EmSegments.tsx(24,8): error TS2307: Cannot find module '@/components/ui/dialog' or its corresponding type declarations.
apps/admin-cms/src/pages/email-marketing/EmSegments.tsx(25,26): error TS2307: Cannot find module '@/components/ui/skeleton' or its corresponding type declarations.
apps/admin-cms/src/pages/email-marketing/EmSegments.tsx(31,8): error TS2307: Cannot find module '@/hooks/useEmailMarketing' or its corresponding type declarations.
apps/admin-cms/src/pages/email-marketing/EmSegments.tsx(36,31): error TS2307: Cannot find module '@/components/common/ConfirmDialog' or its corresponding type declarations.
apps/admin-cms/src/pages/email-marketing/EmSegments.tsx(44,8): error TS2307: Cannot find module '@/components/ui/pagination' or its corresponding type declarations.
apps/admin-cms/src/pages/email-marketing/EmSettings.tsx(2,29): error TS2307: Cannot find module '@/components/admin/AdminLayout' or its corresponding type declarations.
apps/admin-cms/src/pages/email-marketing/EmSettings.tsx(3,75): error TS2307: Cannot find module '@/components/ui/card' or its corresponding type declarations.
apps/admin-cms/src/pages/email-marketing/EmSettings.tsx(4,24): error TS2307: Cannot find module '@/components/ui/button' or its corresponding type declarations.
apps/admin-cms/src/pages/email-marketing/EmSettings.tsx(5,23): error TS2307: Cannot find module '@/components/ui/input' or its corresponding type declarations.
apps/admin-cms/src/pages/email-marketing/EmSettings.tsx(6,23): error TS2307: Cannot find module '@/components/ui/label' or its corresponding type declarations.
apps/admin-cms/src/pages/email-marketing/EmSettings.tsx(7,24): error TS2307: Cannot find module '@/components/ui/switch' or its corresponding type declarations.
apps/admin-cms/src/pages/email-marketing/EmSettings.tsx(8,27): error TS2307: Cannot find module '@/components/ui/separator' or its corresponding type declarations.
apps/admin-cms/src/pages/email-marketing/EmSettings.tsx(17,8): error TS2307: Cannot find module '@/components/ui/dialog' or its corresponding type declarations.
apps/admin-cms/src/pages/email-marketing/EmSettings.tsx(18,67): error TS2307: Cannot find module '@/hooks/useEmailMarketing' or its corresponding type declarations.
apps/admin-cms/src/pages/email-marketing/EmSettings.tsx(20,26): error TS2307: Cannot find module '@/components/ui/skeleton' or its corresponding type declarations.
apps/admin-cms/src/pages/email-marketing/EmTemplateForm.tsx(3,29): error TS2307: Cannot find module '@/components/admin/AdminLayout' or its corresponding type declarations.
apps/admin-cms/src/pages/email-marketing/EmTemplateForm.tsx(4,75): error TS2307: Cannot find module '@/components/ui/card' or its corresponding type declarations.
apps/admin-cms/src/pages/email-marketing/EmTemplateForm.tsx(5,24): error TS2307: Cannot find module '@/components/ui/button' or its corresponding type declarations.
apps/admin-cms/src/pages/email-marketing/EmTemplateForm.tsx(6,23): error TS2307: Cannot find module '@/components/ui/input' or its corresponding type declarations.
apps/admin-cms/src/pages/email-marketing/EmTemplateForm.tsx(7,23): error TS2307: Cannot find module '@/components/ui/label' or its corresponding type declarations.
apps/admin-cms/src/pages/email-marketing/EmTemplateForm.tsx(8,26): error TS2307: Cannot find module '@/components/ui/textarea' or its corresponding type declarations.
apps/admin-cms/src/pages/email-marketing/EmTemplateForm.tsx(16,8): error TS2307: Cannot find module '@/components/ui/dialog' or its corresponding type declarations.
apps/admin-cms/src/pages/email-marketing/EmTemplateForm.tsx(17,23): error TS2307: Cannot find module '@/components/ui/badge' or its corresponding type declarations.
apps/admin-cms/src/pages/email-marketing/EmTemplateForm.tsx(18,26): error TS2307: Cannot find module '@/components/ui/skeleton' or its corresponding type declarations.
apps/admin-cms/src/pages/email-marketing/EmTemplateForm.tsx(25,8): error TS2307: Cannot find module '@/hooks/useEmailMarketing' or its corresponding type declarations.
apps/admin-cms/src/pages/email-marketing/EmTemplates.tsx(2,29): error TS2307: Cannot find module '@/components/admin/AdminLayout' or its corresponding type declarations.
apps/admin-cms/src/pages/email-marketing/EmTemplates.tsx(3,75): error TS2307: Cannot find module '@/components/ui/card' or its corresponding type declarations.
apps/admin-cms/src/pages/email-marketing/EmTemplates.tsx(4,24): error TS2307: Cannot find module '@/components/ui/button' or its corresponding type declarations.
apps/admin-cms/src/pages/email-marketing/EmTemplates.tsx(5,23): error TS2307: Cannot find module '@/components/ui/input' or its corresponding type declarations.
apps/admin-cms/src/pages/email-marketing/EmTemplates.tsx(6,23): error TS2307: Cannot find module '@/components/ui/badge' or its corresponding type declarations.
apps/admin-cms/src/pages/email-marketing/EmTemplates.tsx(14,8): error TS2307: Cannot find module '@/components/ui/table' or its corresponding type declarations.
apps/admin-cms/src/pages/email-marketing/EmTemplates.tsx(20,8): error TS2307: Cannot find module '@/components/ui/dropdown-menu' or its corresponding type declarations.
apps/admin-cms/src/pages/email-marketing/EmTemplates.tsx(21,66): error TS2307: Cannot find module '@/components/ui/dialog' or its corresponding type declarations.
apps/admin-cms/src/pages/email-marketing/EmTemplates.tsx(22,26): error TS2307: Cannot find module '@/components/ui/skeleton' or its corresponding type declarations.
apps/admin-cms/src/pages/email-marketing/EmTemplates.tsx(28,8): error TS2307: Cannot find module '@/hooks/useEmailMarketing' or its corresponding type declarations.
apps/admin-cms/src/pages/email-marketing/EmTemplates.tsx(43,31): error TS2307: Cannot find module '@/api/email-marketing' or its corresponding type declarations.
apps/admin-cms/src/pages/email-marketing/EmTemplates.tsx(44,31): error TS2307: Cannot find module '@/components/common/ConfirmDialog' or its corresponding type declarations.
apps/admin-cms/src/pages/email-marketing/EmTemplates.tsx(52,8): error TS2307: Cannot find module '@/components/ui/pagination' or its corresponding type declarations.
apps/admin-cms/src/pages/email-marketing/components/AddContactsDialog.tsx(9,8): error TS2307: Cannot find module '@/components/ui/dialog' or its corresponding type declarations.
apps/admin-cms/src/pages/email-marketing/components/AddContactsDialog.tsx(10,24): error TS2307: Cannot find module '@/components/ui/button' or its corresponding type declarations.
apps/admin-cms/src/pages/email-marketing/components/AddContactsDialog.tsx(11,23): error TS2307: Cannot find module '@/components/ui/input' or its corresponding type declarations.
apps/admin-cms/src/pages/email-marketing/components/AddContactsDialog.tsx(12,23): error TS2307: Cannot find module '@/components/ui/badge' or its corresponding type declarations.
apps/admin-cms/src/pages/email-marketing/components/AddContactsDialog.tsx(13,26): error TS2307: Cannot find module '@/components/ui/checkbox' or its corresponding type declarations.
apps/admin-cms/src/pages/email-marketing/components/AddContactsDialog.tsx(14,40): error TS2307: Cannot find module '@/components/ui/avatar' or its corresponding type declarations.
apps/admin-cms/src/pages/email-marketing/components/AddContactsDialog.tsx(16,59): error TS2307: Cannot find module '@/hooks/useEmailMarketing' or its corresponding type declarations.
apps/admin-cms/src/pages/email-marketing/components/AddContactsDialog.tsx(24,8): error TS2307: Cannot find module '@/components/ui/pagination' or its corresponding type declarations.
apps/admin-cms/src/pages/email-marketing/components/AddContactsDialog.tsx(25,20): error TS2307: Cannot find module '@/lib/utils' or its corresponding type declarations.
apps/admin-cms/src/services/settings.service.ts(1,40): error TS2307: Cannot find module '@/lib/api-client' or its corresponding type declarations.
apps/admin-cms/src/services/upload.service.ts(1,40): error TS2307: Cannot find module '@/lib/api-client' or its corresponding type declarations.
apps/admin-cms/src/services/webhook.service.ts(1,40): error TS2307: Cannot find module '@/lib/api-client' or its corresponding type declarations.
apps/admin-cms/src/services/webhook.service.ts(2,28): error TS2307: Cannot find module '@/docs/api-types' or its corresponding type declarations.
apps/admin-cms/src/store/cartStore.ts(3,25): error TS2307: Cannot find module '@/types/product' or its corresponding type declarations.
apps/admin-cms/src/store/cartStore.ts(32,64): error TS2339: Property 'id' does not exist on type 'CartItem'.
apps/admin-cms/src/store/cartStore.ts(36,24): error TS2339: Property 'id' does not exist on type 'CartItem'.
apps/admin-cms/src/store/cartStore.ts(50,52): error TS2339: Property 'id' does not exist on type 'CartItem'.
apps/admin-cms/src/store/cartStore.ts(57,18): error TS2339: Property 'id' does not exist on type 'CartItem'.
apps/admin-cms/src/store/cartStore.ts(73,70): error TS2339: Property 'id' does not exist on type 'CartItem'.
apps/admin-cms/src/store/cartStore.ts(85,39): error TS2339: Property 'salePrice' does not exist on type 'CartItem'.
apps/admin-cms/src/store/cartStore.ts(85,57): error TS2339: Property 'price' does not exist on type 'CartItem'.
apps/admin-cms/src/store/cartStore.ts(92,59): error TS2339: Property 'id' does not exist on type 'CartItem'.
apps/admin-cms/src/store/cartStore.ts(94,41): error TS2339: Property 'salePrice' does not exist on type 'CartItem'.
apps/admin-cms/src/store/cartStore.ts(94,59): error TS2339: Property 'price' does not exist on type 'CartItem'.
apps/admin-cms/src/store/cartStore.ts(101,59): error TS2339: Property 'id' does not exist on type 'CartItem'.
apps/admin-cms/src/store/cartStore.ts(104,22): error TS2339: Property 'salePrice' does not exist on type 'CartItem'.
apps/admin-cms/src/store/cartStore.ts(104,40): error TS2339: Property 'salePrice' does not exist on type 'CartItem'.
apps/admin-cms/src/store/cartStore.ts(104,57): error TS2339: Property 'price' does not exist on type 'CartItem'.
apps/admin-cms/src/store/cartStore.ts(105,36): error TS2339: Property 'price' does not exist on type 'CartItem'.
apps/admin-cms/src/store/cartStore.ts(105,49): error TS2339: Property 'salePrice' does not exist on type 'CartItem'.
apps/admin-cms/src/store/useUserStore.ts(2,22): error TS2307: Cannot find module '@/types/user' or its corresponding type declarations.
apps/admin-cms/src/store/useUserStore.ts(3,22): error TS2307: Cannot find module '@/lib/auth' or its corresponding type declarations.
apps/admin-cms/src/store/wishlistStore.ts(3,25): error TS2307: Cannot find module '@/types/product' or its corresponding type declarations.
apps/admin-cms/src/types/auth.ts(9,8): error TS2307: Cannot find module '@vibe/shared' or its corresponding type declarations.
apps/admin-cms/src/types/category.ts(8,8): error TS2307: Cannot find module '@vibe/shared' or its corresponding type declarations.
apps/admin-cms/src/types/order.ts(1,59): error TS2307: Cannot find module '@vibe/shared' or its corresponding type declarations.
apps/admin-cms/src/types/popup.ts(7,8): error TS2307: Cannot find module '@vibe/shared' or its corresponding type declarations.
apps/admin-cms/src/types/post.ts(7,8): error TS2307: Cannot find module '@vibe/shared' or its corresponding type declarations.
apps/admin-cms/src/types/product.ts(13,8): error TS2307: Cannot find module '@vibe/shared' or its corresponding type declarations.
apps/admin-cms/src/types/review.ts(6,8): error TS2307: Cannot find module '@vibe/shared' or its corresponding type declarations.
apps/admin-cms/src/types/role.ts(8,8): error TS2307: Cannot find module '@vibe/shared' or its corresponding type declarations.
apps/admin-cms/src/types/tag.ts(7,8): error TS2307: Cannot find module '@vibe/shared' or its corresponding type declarations.
apps/admin-cms/src/types/topic.ts(7,8): error TS2307: Cannot find module '@vibe/shared' or its corresponding type declarations.
apps/admin-cms/src/types/user.ts(11,8): error TS2307: Cannot find module '@vibe/shared' or its corresponding type declarations.
